2025-12-25 12:35:36 [WARN]: ⚠️ MongoDB disconnected 
2025-12-25 12:43:34 [INFO]: ✅ MongoDB Connected: ac-vpxvy3e-shard-00-00.n1gkmrq.mongodb.net 
2025-12-25 12:43:34 [INFO]: Database: test 
2025-12-25 12:43:34 [INFO]: 
      ╔════════════════════════════════════════════╗
      ║   🚀 Room Rental Backend Server Started   ║
      ╠════════════════════════════════════════════╣
      ║ 📍 Port: 5000
      ║ 🌍 Environment: development
      ║ 🔗 API Version: vv1
      ║ 🔐 CORS Enabled: http://localhost:3000
      ╚════════════════════════════════════════════╝
       
2025-12-25 12:45:00 [INFO]: ✅ MongoDB Connected: ac-vpxvy3e-shard-00-00.n1gkmrq.mongodb.net 
2025-12-25 12:45:00 [INFO]: Database: test 
2025-12-25 12:45:00 [INFO]: 
      ╔════════════════════════════════════════════╗
      ║   🚀 Room Rental Backend Server Started   ║
      ╠════════════════════════════════════════════╣
      ║ 📍 Port: 5000
      ║ 🌍 Environment: development
      ║ 🔗 API Version: vv1
      ║ 🔐 CORS Enabled: http://localhost:3000
      ╚════════════════════════════════════════════╝
       
2025-12-25 12:45:16 [INFO]: ✅ MongoDB Connected: ac-vpxvy3e-shard-00-00.n1gkmrq.mongodb.net 
2025-12-25 12:45:16 [INFO]: Database: test 
2025-12-25 12:45:16 [INFO]: 
      ╔════════════════════════════════════════════╗
      ║   🚀 Room Rental Backend Server Started   ║
      ╠════════════════════════════════════════════╣
      ║ 📍 Port: 5000
      ║ 🌍 Environment: development
      ║ 🔗 API Version: vv1
      ║ 🔐 CORS Enabled: http://localhost:3000
      ╚════════════════════════════════════════════╝
       
2025-12-25 12:46:42 [INFO]: ✅ MongoDB Connected: ac-vpxvy3e-shard-00-00.n1gkmrq.mongodb.net 
2025-12-25 12:46:42 [INFO]: Database: test 
2025-12-25 12:46:42 [INFO]: 
      ╔════════════════════════════════════════════╗
      ║   🚀 Room Rental Backend Server Started   ║
      ╠════════════════════════════════════════════╣
      ║ 📍 Port: 5000
      ║ 🌍 Environment: development
      ║ 🔗 API Version: vv1
      ║ 🔐 CORS Enabled: http://localhost:3000
      ╚════════════════════════════════════════════╝
       
2025-12-25 13:58:37 [WARN]: ⚠️ MongoDB disconnected 
