2025-12-11 11:43:01 [WARN]: ⚠️ MongoDB disconnected 
2025-12-11 11:44:32 [INFO]: SIGINT signal received: closing HTTP server 
2025-12-11 11:44:41 [INFO]: ✅ MongoDB Connected: ac-vpxvy3e-shard-00-00.n1gkmrq.mongodb.net 
2025-12-11 11:44:41 [INFO]: Database: test 
2025-12-11 11:44:41 [INFO]: 
      ╔════════════════════════════════════════════╗
      ║   🚀 Room Rental Backend Server Started   ║
      ╠════════════════════════════════════════════╣
      ║ 📍 Port: 5000
      ║ 🌍 Environment: development
      ║ 🔗 API Version: vv1
      ║ 🔐 CORS Enabled: http://localhost:3000
      ╚════════════════════════════════════════════╝
       
2025-12-11 19:43:36 [WARN]: ⚠️ MongoDB disconnected 
2025-12-11 19:45:34 [INFO]: SIGINT signal received: closing HTTP server 
2025-12-11 19:45:50 [INFO]: ✅ MongoDB Connected: ac-vpxvy3e-shard-00-00.n1gkmrq.mongodb.net 
2025-12-11 19:45:50 [INFO]: Database: test 
2025-12-11 19:45:50 [INFO]: 
      ╔════════════════════════════════════════════╗
      ║   🚀 Room Rental Backend Server Started   ║
      ╠════════════════════════════════════════════╣
      ║ 📍 Port: 5000
      ║ 🌍 Environment: development
      ║ 🔗 API Version: vv1
      ║ 🔐 CORS Enabled: http://localhost:3000
      ╚════════════════════════════════════════════╝
       
2025-12-11 20:11:58 [INFO]: ✅ MongoDB Connected: ac-vpxvy3e-shard-00-02.n1gkmrq.mongodb.net 
2025-12-11 20:11:58 [INFO]: Database: test 
2025-12-11 20:11:58 [INFO]: 
      ╔════════════════════════════════════════════╗
      ║   🚀 Room Rental Backend Server Started   ║
      ╠════════════════════════════════════════════╣
      ║ 📍 Port: 5000
      ║ 🌍 Environment: development
      ║ 🔗 API Version: vv1
      ║ 🔐 CORS Enabled: http://localhost:3000
      ╚════════════════════════════════════════════╝
       
2025-12-11 20:14:35 [INFO]: ✅ MongoDB Connected: ac-vpxvy3e-shard-00-00.n1gkmrq.mongodb.net 
2025-12-11 20:14:35 [INFO]: Database: test 
2025-12-11 20:14:35 [INFO]: 
      ╔════════════════════════════════════════════╗
      ║   🚀 Room Rental Backend Server Started   ║
      ╠════════════════════════════════════════════╣
      ║ 📍 Port: 5000
      ║ 🌍 Environment: development
      ║ 🔗 API Version: vv1
      ║ 🔐 CORS Enabled: http://localhost:3000
      ╚════════════════════════════════════════════╝
       
2025-12-11 20:15:14 [INFO]: ✅ MongoDB Connected: ac-vpxvy3e-shard-00-01.n1gkmrq.mongodb.net 
2025-12-11 20:15:14 [INFO]: Database: test 
2025-12-11 20:15:14 [INFO]: 
      ╔════════════════════════════════════════════╗
      ║   🚀 Room Rental Backend Server Started   ║
      ╠════════════════════════════════════════════╣
      ║ 📍 Port: 5000
      ║ 🌍 Environment: development
      ║ 🔗 API Version: vv1
      ║ 🔐 CORS Enabled: http://localhost:3000
      ╚════════════════════════════════════════════╝
       
2025-12-11 20:16:47 [INFO]: ✅ MongoDB Connected: ac-vpxvy3e-shard-00-01.n1gkmrq.mongodb.net 
2025-12-11 20:16:47 [INFO]: Database: test 
2025-12-11 20:16:47 [INFO]: 
      ╔════════════════════════════════════════════╗
      ║   🚀 Room Rental Backend Server Started   ║
      ╠════════════════════════════════════════════╣
      ║ 📍 Port: 5000
      ║ 🌍 Environment: development
      ║ 🔗 API Version: vv1
      ║ 🔐 CORS Enabled: http://localhost:3000
      ╚════════════════════════════════════════════╝
       
2025-12-11 20:16:59 [INFO]: ✅ MongoDB Connected: ac-vpxvy3e-shard-00-01.n1gkmrq.mongodb.net 
2025-12-11 20:16:59 [INFO]: Database: test 
2025-12-11 20:16:59 [INFO]: 
      ╔════════════════════════════════════════════╗
      ║   🚀 Room Rental Backend Server Started   ║
      ╠════════════════════════════════════════════╣
      ║ 📍 Port: 5000
      ║ 🌍 Environment: development
      ║ 🔗 API Version: vv1
      ║ 🔐 CORS Enabled: http://localhost:3000
      ╚════════════════════════════════════════════╝
       
2025-12-11 20:17:17 [INFO]: ✅ MongoDB Connected: ac-vpxvy3e-shard-00-00.n1gkmrq.mongodb.net 
2025-12-11 20:17:17 [INFO]: Database: test 
2025-12-11 20:17:17 [INFO]: 
      ╔════════════════════════════════════════════╗
      ║   🚀 Room Rental Backend Server Started   ║
      ╠════════════════════════════════════════════╣
      ║ 📍 Port: 5000
      ║ 🌍 Environment: development
      ║ 🔗 API Version: vv1
      ║ 🔐 CORS Enabled: http://localhost:3000
      ╚════════════════════════════════════════════╝
       
2025-12-11 20:17:23 [INFO]: ✅ MongoDB Connected: ac-vpxvy3e-shard-00-00.n1gkmrq.mongodb.net 
2025-12-11 20:17:23 [INFO]: Database: test 
2025-12-11 20:17:23 [INFO]: 
      ╔════════════════════════════════════════════╗
      ║   🚀 Room Rental Backend Server Started   ║
      ╠════════════════════════════════════════════╣
      ║ 📍 Port: 5000
      ║ 🌍 Environment: development
      ║ 🔗 API Version: vv1
      ║ 🔐 CORS Enabled: http://localhost:3000
      ╚════════════════════════════════════════════╝
       
2025-12-11 20:17:33 [INFO]: ✅ MongoDB Connected: ac-vpxvy3e-shard-00-00.n1gkmrq.mongodb.net 
2025-12-11 20:17:33 [INFO]: Database: test 
2025-12-11 20:17:33 [INFO]: 
      ╔════════════════════════════════════════════╗
      ║   🚀 Room Rental Backend Server Started   ║
      ╠════════════════════════════════════════════╣
      ║ 📍 Port: 5000
      ║ 🌍 Environment: development
      ║ 🔗 API Version: vv1
      ║ 🔐 CORS Enabled: http://localhost:3000
      ╚════════════════════════════════════════════╝
       
2025-12-11 20:17:41 [INFO]: ✅ MongoDB Connected: ac-vpxvy3e-shard-00-01.n1gkmrq.mongodb.net 
2025-12-11 20:17:41 [INFO]: Database: test 
2025-12-11 20:17:41 [INFO]: 
      ╔════════════════════════════════════════════╗
      ║   🚀 Room Rental Backend Server Started   ║
      ╠════════════════════════════════════════════╣
      ║ 📍 Port: 5000
      ║ 🌍 Environment: development
      ║ 🔗 API Version: vv1
      ║ 🔐 CORS Enabled: http://localhost:3000
      ╚════════════════════════════════════════════╝
       
2025-12-11 20:17:52 [INFO]: ✅ MongoDB Connected: ac-vpxvy3e-shard-00-01.n1gkmrq.mongodb.net 
2025-12-11 20:17:52 [INFO]: Database: test 
2025-12-11 20:17:52 [INFO]: 
      ╔════════════════════════════════════════════╗
      ║   🚀 Room Rental Backend Server Started   ║
      ╠════════════════════════════════════════════╣
      ║ 📍 Port: 5000
      ║ 🌍 Environment: development
      ║ 🔗 API Version: vv1
      ║ 🔐 CORS Enabled: http://localhost:3000
      ╚════════════════════════════════════════════╝
       
2025-12-11 20:18:10 [INFO]: ✅ MongoDB Connected: ac-vpxvy3e-shard-00-00.n1gkmrq.mongodb.net 
2025-12-11 20:18:10 [INFO]: Database: test 
2025-12-11 20:18:10 [INFO]: 
      ╔════════════════════════════════════════════╗
      ║   🚀 Room Rental Backend Server Started   ║
      ╠════════════════════════════════════════════╣
      ║ 📍 Port: 5000
      ║ 🌍 Environment: development
      ║ 🔗 API Version: vv1
      ║ 🔐 CORS Enabled: http://localhost:3000
      ╚════════════════════════════════════════════╝
       
2025-12-11 20:18:20 [INFO]: ✅ MongoDB Connected: ac-vpxvy3e-shard-00-00.n1gkmrq.mongodb.net 
2025-12-11 20:18:20 [INFO]: Database: test 
2025-12-11 20:18:20 [INFO]: 
      ╔════════════════════════════════════════════╗
      ║   🚀 Room Rental Backend Server Started   ║
      ╠════════════════════════════════════════════╣
      ║ 📍 Port: 5000
      ║ 🌍 Environment: development
      ║ 🔗 API Version: vv1
      ║ 🔐 CORS Enabled: http://localhost:3000
      ╚════════════════════════════════════════════╝
       
2025-12-11 20:18:29 [INFO]: ✅ MongoDB Connected: ac-vpxvy3e-shard-00-02.n1gkmrq.mongodb.net 
2025-12-11 20:18:29 [INFO]: Database: test 
2025-12-11 20:18:29 [INFO]: 
      ╔════════════════════════════════════════════╗
      ║   🚀 Room Rental Backend Server Started   ║
      ╠════════════════════════════════════════════╣
      ║ 📍 Port: 5000
      ║ 🌍 Environment: development
      ║ 🔗 API Version: vv1
      ║ 🔐 CORS Enabled: http://localhost:3000
      ╚════════════════════════════════════════════╝
       
2025-12-11 20:21:34 [INFO]: ✅ MongoDB Connected: ac-vpxvy3e-shard-00-01.n1gkmrq.mongodb.net 
2025-12-11 20:21:34 [INFO]: Database: test 
2025-12-11 20:21:34 [INFO]: 
      ╔════════════════════════════════════════════╗
      ║   🚀 Room Rental Backend Server Started   ║
      ╠════════════════════════════════════════════╣
      ║ 📍 Port: 5000
      ║ 🌍 Environment: development
      ║ 🔗 API Version: vv1
      ║ 🔐 CORS Enabled: http://localhost:3000
      ╚════════════════════════════════════════════╝
       
2025-12-11 20:45:37 [INFO]: ✅ MongoDB Connected: ac-vpxvy3e-shard-00-01.n1gkmrq.mongodb.net 
2025-12-11 20:45:37 [INFO]: Database: test 
2025-12-11 20:45:37 [INFO]: 
      ╔════════════════════════════════════════════╗
      ║   🚀 Room Rental Backend Server Started   ║
      ╠════════════════════════════════════════════╣
      ║ 📍 Port: 5000
      ║ 🌍 Environment: development
      ║ 🔗 API Version: vv1
      ║ 🔐 CORS Enabled: http://localhost:3000
      ╚════════════════════════════════════════════╝
       
2025-12-11 20:46:42 [INFO]: ✅ MongoDB Connected: ac-vpxvy3e-shard-00-01.n1gkmrq.mongodb.net 
2025-12-11 20:46:42 [INFO]: Database: test 
2025-12-11 20:46:42 [INFO]: 
      ╔════════════════════════════════════════════╗
      ║   🚀 Room Rental Backend Server Started   ║
      ╠════════════════════════════════════════════╣
      ║ 📍 Port: 5000
      ║ 🌍 Environment: development
      ║ 🔗 API Version: vv1
      ║ 🔐 CORS Enabled: http://localhost:3000
      ╚════════════════════════════════════════════╝
       
2025-12-11 20:50:43 [INFO]: ✅ MongoDB Connected: ac-vpxvy3e-shard-00-02.n1gkmrq.mongodb.net 
2025-12-11 20:50:43 [INFO]: Database: test 
2025-12-11 20:50:43 [INFO]: 
      ╔════════════════════════════════════════════╗
      ║   🚀 Room Rental Backend Server Started   ║
      ╠════════════════════════════════════════════╣
      ║ 📍 Port: 5000
      ║ 🌍 Environment: development
      ║ 🔗 API Version: vv1
      ║ 🔐 CORS Enabled: http://localhost:3000
      ╚════════════════════════════════════════════╝
       
2025-12-11 20:54:18 [INFO]: ✅ MongoDB Connected: ac-vpxvy3e-shard-00-01.n1gkmrq.mongodb.net 
2025-12-11 20:54:18 [INFO]: Database: test 
2025-12-11 20:54:18 [INFO]: 
      ╔════════════════════════════════════════════╗
      ║   🚀 Room Rental Backend Server Started   ║
      ╠════════════════════════════════════════════╣
      ║ 📍 Port: 5000
      ║ 🌍 Environment: development
      ║ 🔗 API Version: vv1
      ║ 🔐 CORS Enabled: http://localhost:3000
      ╚════════════════════════════════════════════╝
       
2025-12-11 23:58:03 [WARN]: ⚠️ MongoDB disconnected 
