2025-12-13 00:35:30 [WARN]: ⚠️ MongoDB disconnected 
2025-12-13 09:26:31 [INFO]: ✅ MongoDB Connected: ac-vpxvy3e-shard-00-00.n1gkmrq.mongodb.net 
2025-12-13 09:26:31 [INFO]: Database: test 
2025-12-13 09:26:31 [INFO]: 
      ╔════════════════════════════════════════════╗
      ║   🚀 Room Rental Backend Server Started   ║
      ╠════════════════════════════════════════════╣
      ║ 📍 Port: 5000
      ║ 🌍 Environment: development
      ║ 🔗 API Version: vv1
      ║ 🔐 CORS Enabled: http://localhost:3000
      ╚════════════════════════════════════════════╝
       
2025-12-13 10:26:16 [WARN]: ⚠️ MongoDB disconnected 
2025-12-13 10:26:28 [INFO]: SIGINT signal received: closing HTTP server 
2025-12-13 10:27:01 [INFO]: ✅ MongoDB Connected: ac-vpxvy3e-shard-00-00.n1gkmrq.mongodb.net 
2025-12-13 10:27:01 [INFO]: Database: test 
2025-12-13 10:27:01 [INFO]: 
      ╔════════════════════════════════════════════╗
      ║   🚀 Room Rental Backend Server Started   ║
      ╠════════════════════════════════════════════╣
      ║ 📍 Port: 5000
      ║ 🌍 Environment: development
      ║ 🔗 API Version: vv1
      ║ 🔐 CORS Enabled: http://localhost:3000
      ╚════════════════════════════════════════════╝
       
2025-12-13 10:32:40 [INFO]: ✅ MongoDB Connected: ac-vpxvy3e-shard-00-00.n1gkmrq.mongodb.net 
2025-12-13 10:32:40 [INFO]: Database: test 
2025-12-13 10:32:40 [INFO]: 
      ╔════════════════════════════════════════════╗
      ║   🚀 Room Rental Backend Server Started   ║
      ╠════════════════════════════════════════════╣
      ║ 📍 Port: 5000
      ║ 🌍 Environment: development
      ║ 🔗 API Version: vv1
      ║ 🔐 CORS Enabled: http://localhost:3000
      ╚════════════════════════════════════════════╝
       
2025-12-13 10:34:02 [INFO]: ✅ MongoDB Connected: ac-vpxvy3e-shard-00-00.n1gkmrq.mongodb.net 
2025-12-13 10:34:02 [INFO]: Database: test 
2025-12-13 10:34:02 [INFO]: 
      ╔════════════════════════════════════════════╗
      ║   🚀 Room Rental Backend Server Started   ║
      ╠════════════════════════════════════════════╣
      ║ 📍 Port: 5000
      ║ 🌍 Environment: development
      ║ 🔗 API Version: vv1
      ║ 🔐 CORS Enabled: http://localhost:3000
      ╚════════════════════════════════════════════╝
       
2025-12-13 10:34:07 [INFO]: ✅ MongoDB Connected: ac-vpxvy3e-shard-00-00.n1gkmrq.mongodb.net 
2025-12-13 10:34:07 [INFO]: Database: test 
2025-12-13 10:34:07 [INFO]: 
      ╔════════════════════════════════════════════╗
      ║   🚀 Room Rental Backend Server Started   ║
      ╠════════════════════════════════════════════╣
      ║ 📍 Port: 5000
      ║ 🌍 Environment: development
      ║ 🔗 API Version: vv1
      ║ 🔐 CORS Enabled: http://localhost:3000
      ╚════════════════════════════════════════════╝
       
2025-12-13 10:34:12 [INFO]: ✅ MongoDB Connected: ac-vpxvy3e-shard-00-00.n1gkmrq.mongodb.net 
2025-12-13 10:34:12 [INFO]: Database: test 
2025-12-13 10:34:12 [INFO]: 
      ╔════════════════════════════════════════════╗
      ║   🚀 Room Rental Backend Server Started   ║
      ╠════════════════════════════════════════════╣
      ║ 📍 Port: 5000
      ║ 🌍 Environment: development
      ║ 🔗 API Version: vv1
      ║ 🔐 CORS Enabled: http://localhost:3000
      ╚════════════════════════════════════════════╝
       
2025-12-13 10:35:04 [INFO]: ✅ MongoDB Connected: ac-vpxvy3e-shard-00-00.n1gkmrq.mongodb.net 
2025-12-13 10:35:04 [INFO]: Database: test 
2025-12-13 10:35:04 [INFO]: 
      ╔════════════════════════════════════════════╗
      ║   🚀 Room Rental Backend Server Started   ║
      ╠════════════════════════════════════════════╣
      ║ 📍 Port: 5000
      ║ 🌍 Environment: development
      ║ 🔗 API Version: vv1
      ║ 🔐 CORS Enabled: http://localhost:3000
      ╚════════════════════════════════════════════╝
       
2025-12-13 10:36:32 [INFO]: ✅ MongoDB Connected: ac-vpxvy3e-shard-00-00.n1gkmrq.mongodb.net 
2025-12-13 10:36:32 [INFO]: Database: test 
2025-12-13 10:36:32 [INFO]: 
      ╔════════════════════════════════════════════╗
      ║   🚀 Room Rental Backend Server Started   ║
      ╠════════════════════════════════════════════╣
      ║ 📍 Port: 5000
      ║ 🌍 Environment: development
      ║ 🔗 API Version: vv1
      ║ 🔐 CORS Enabled: http://localhost:3000
      ╚════════════════════════════════════════════╝
       
2025-12-13 10:38:47 [INFO]: ✅ MongoDB Connected: ac-vpxvy3e-shard-00-00.n1gkmrq.mongodb.net 
2025-12-13 10:38:47 [INFO]: Database: test 
2025-12-13 10:38:47 [INFO]: 
      ╔════════════════════════════════════════════╗
      ║   🚀 Room Rental Backend Server Started   ║
      ╠════════════════════════════════════════════╣
      ║ 📍 Port: 5000
      ║ 🌍 Environment: development
      ║ 🔗 API Version: vv1
      ║ 🔐 CORS Enabled: http://localhost:3000
      ╚════════════════════════════════════════════╝
       
2025-12-13 10:38:55 [INFO]: ✅ MongoDB Connected: ac-vpxvy3e-shard-00-00.n1gkmrq.mongodb.net 
2025-12-13 10:38:55 [INFO]: Database: test 
2025-12-13 10:38:55 [INFO]: 
      ╔════════════════════════════════════════════╗
      ║   🚀 Room Rental Backend Server Started   ║
      ╠════════════════════════════════════════════╣
      ║ 📍 Port: 5000
      ║ 🌍 Environment: development
      ║ 🔗 API Version: vv1
      ║ 🔐 CORS Enabled: http://localhost:3000
      ╚════════════════════════════════════════════╝
       
2025-12-13 11:07:14 [INFO]: ✅ MongoDB Connected: ac-vpxvy3e-shard-00-00.n1gkmrq.mongodb.net 
2025-12-13 11:07:14 [INFO]: Database: test 
2025-12-13 11:07:14 [INFO]: 
      ╔════════════════════════════════════════════╗
      ║   🚀 Room Rental Backend Server Started   ║
      ╠════════════════════════════════════════════╣
      ║ 📍 Port: 5000
      ║ 🌍 Environment: development
      ║ 🔗 API Version: vv1
      ║ 🔐 CORS Enabled: http://localhost:3000
      ╚════════════════════════════════════════════╝
       
2025-12-13 16:05:06 [WARN]: ⚠️ MongoDB disconnected 
2025-12-13 19:16:56 [WARN]: ⚠️ MongoDB disconnected 
2025-12-13 19:22:38 [WARN]: ⚠️ MongoDB disconnected 
2025-12-13 19:38:55 [INFO]: ✅ MongoDB Connected: ac-vpxvy3e-shard-00-00.n1gkmrq.mongodb.net 
2025-12-13 19:38:55 [INFO]: Database: test 
2025-12-13 19:38:55 [INFO]: 
      ╔════════════════════════════════════════════╗
      ║   🚀 Room Rental Backend Server Started   ║
      ╠════════════════════════════════════════════╣
      ║ 📍 Port: 5000
      ║ 🌍 Environment: development
      ║ 🔗 API Version: vv1
      ║ 🔐 CORS Enabled: http://localhost:3000
      ╚════════════════════════════════════════════╝
       
2025-12-13 19:45:16 [INFO]: ✅ MongoDB Connected: ac-vpxvy3e-shard-00-00.n1gkmrq.mongodb.net 
2025-12-13 19:45:16 [INFO]: Database: test 
2025-12-13 19:45:16 [INFO]: 
      ╔════════════════════════════════════════════╗
      ║   🚀 Room Rental Backend Server Started   ║
      ╠════════════════════════════════════════════╣
      ║ 📍 Port: 5000
      ║ 🌍 Environment: development
      ║ 🔗 API Version: vv1
      ║ 🔐 CORS Enabled: http://localhost:3000
      ╚════════════════════════════════════════════╝
       
2025-12-13 19:46:59 [INFO]: ✅ MongoDB Connected: ac-vpxvy3e-shard-00-00.n1gkmrq.mongodb.net 
2025-12-13 19:46:59 [INFO]: Database: test 
2025-12-13 19:46:59 [INFO]: 
      ╔════════════════════════════════════════════╗
      ║   🚀 Room Rental Backend Server Started   ║
      ╠════════════════════════════════════════════╣
      ║ 📍 Port: 5000
      ║ 🌍 Environment: development
      ║ 🔗 API Version: vv1
      ║ 🔐 CORS Enabled: http://localhost:3000
      ╚════════════════════════════════════════════╝
       
2025-12-13 19:49:10 [INFO]: ✅ MongoDB Connected: ac-vpxvy3e-shard-00-00.n1gkmrq.mongodb.net 
2025-12-13 19:49:10 [INFO]: Database: test 
2025-12-13 19:49:10 [INFO]: 
      ╔════════════════════════════════════════════╗
      ║   🚀 Room Rental Backend Server Started   ║
      ╠════════════════════════════════════════════╣
      ║ 📍 Port: 5000
      ║ 🌍 Environment: development
      ║ 🔗 API Version: vv1
      ║ 🔐 CORS Enabled: http://localhost:3000
      ╚════════════════════════════════════════════╝
       
2025-12-13 20:00:29 [WARN]: ⚠️ MongoDB disconnected 
