2025-12-09 11:38:20 [INFO]: ✅ MongoDB Connected: ac-vpxvy3e-shard-00-00.n1gkmrq.mongodb.net 
2025-12-09 11:38:20 [INFO]: Database: test 
2025-12-09 11:38:20 [INFO]: 
      ╔════════════════════════════════════════════╗
      ║   🚀 Room Rental Backend Server Started   ║
      ╠════════════════════════════════════════════╣
      ║ 📍 Port: 5000
      ║ 🌍 Environment: development
      ║ 🔗 API Version: vv1
      ║ 🔐 CORS Enabled: http://localhost:3000
      ╚════════════════════════════════════════════╝
       
2025-12-09 11:50:29 [INFO]: SIGINT signal received: closing HTTP server 
2025-12-09 11:50:47 [INFO]: ✅ MongoDB Connected: ac-vpxvy3e-shard-00-00.n1gkmrq.mongodb.net 
2025-12-09 11:50:47 [INFO]: Database: test 
2025-12-09 11:50:47 [INFO]: 
      ╔════════════════════════════════════════════╗
      ║   🚀 Room Rental Backend Server Started   ║
      ╠════════════════════════════════════════════╣
      ║ 📍 Port: 5000
      ║ 🌍 Environment: development
      ║ 🔗 API Version: vv1
      ║ 🔐 CORS Enabled: http://localhost:3000
      ╚════════════════════════════════════════════╝
       
2025-12-09 11:51:52 [INFO]: ✅ MongoDB Connected: ac-vpxvy3e-shard-00-00.n1gkmrq.mongodb.net 
2025-12-09 11:51:52 [INFO]: Database: test 
2025-12-09 11:51:52 [INFO]: 
      ╔════════════════════════════════════════════╗
      ║   🚀 Room Rental Backend Server Started   ║
      ╠════════════════════════════════════════════╣
      ║ 📍 Port: 5000
      ║ 🌍 Environment: development
      ║ 🔗 API Version: vv1
      ║ 🔐 CORS Enabled: http://localhost:3000
      ╚════════════════════════════════════════════╝
       
2025-12-09 11:52:41 [INFO]: ✅ MongoDB Connected: ac-vpxvy3e-shard-00-00.n1gkmrq.mongodb.net 
2025-12-09 11:52:41 [INFO]: Database: test 
2025-12-09 11:52:41 [INFO]: 
      ╔════════════════════════════════════════════╗
      ║   🚀 Room Rental Backend Server Started   ║
      ╠════════════════════════════════════════════╣
      ║ 📍 Port: 5000
      ║ 🌍 Environment: development
      ║ 🔗 API Version: vv1
      ║ 🔐 CORS Enabled: http://localhost:3000
      ╚════════════════════════════════════════════╝
       
2025-12-09 11:54:24 [INFO]: ✅ MongoDB Connected: ac-vpxvy3e-shard-00-00.n1gkmrq.mongodb.net 
2025-12-09 11:54:24 [INFO]: Database: test 
2025-12-09 11:54:24 [INFO]: 
      ╔════════════════════════════════════════════╗
      ║   🚀 Room Rental Backend Server Started   ║
      ╠════════════════════════════════════════════╣
      ║ 📍 Port: 5000
      ║ 🌍 Environment: development
      ║ 🔗 API Version: vv1
      ║ 🔐 CORS Enabled: http://localhost:3000
      ╚════════════════════════════════════════════╝
       
2025-12-09 11:56:18 [INFO]: ✅ MongoDB Connected: ac-vpxvy3e-shard-00-00.n1gkmrq.mongodb.net 
2025-12-09 11:56:18 [INFO]: Database: test 
2025-12-09 11:56:18 [INFO]: 
      ╔════════════════════════════════════════════╗
      ║   🚀 Room Rental Backend Server Started   ║
      ╠════════════════════════════════════════════╣
      ║ 📍 Port: 5000
      ║ 🌍 Environment: development
      ║ 🔗 API Version: vv1
      ║ 🔐 CORS Enabled: http://localhost:3000
      ╚════════════════════════════════════════════╝
       
2025-12-09 11:59:26 [INFO]: ✅ MongoDB Connected: ac-vpxvy3e-shard-00-00.n1gkmrq.mongodb.net 
2025-12-09 11:59:26 [INFO]: Database: test 
2025-12-09 11:59:26 [INFO]: 
      ╔════════════════════════════════════════════╗
      ║   🚀 Room Rental Backend Server Started   ║
      ╠════════════════════════════════════════════╣
      ║ 📍 Port: 5000
      ║ 🌍 Environment: development
      ║ 🔗 API Version: vv1
      ║ 🔐 CORS Enabled: http://localhost:3000
      ╚════════════════════════════════════════════╝
       
2025-12-09 12:02:17 [INFO]: ✅ MongoDB Connected: ac-vpxvy3e-shard-00-00.n1gkmrq.mongodb.net 
2025-12-09 12:02:17 [INFO]: Database: test 
2025-12-09 12:02:17 [INFO]: 
      ╔════════════════════════════════════════════╗
      ║   🚀 Room Rental Backend Server Started   ║
      ╠════════════════════════════════════════════╣
      ║ 📍 Port: 5000
      ║ 🌍 Environment: development
      ║ 🔗 API Version: vv1
      ║ 🔐 CORS Enabled: http://localhost:3000
      ╚════════════════════════════════════════════╝
       
2025-12-09 12:06:06 [INFO]: ✅ MongoDB Connected: ac-vpxvy3e-shard-00-00.n1gkmrq.mongodb.net 
2025-12-09 12:06:06 [INFO]: Database: test 
2025-12-09 12:06:06 [INFO]: 
      ╔════════════════════════════════════════════╗
      ║   🚀 Room Rental Backend Server Started   ║
      ╠════════════════════════════════════════════╣
      ║ 📍 Port: 5000
      ║ 🌍 Environment: development
      ║ 🔗 API Version: vv1
      ║ 🔐 CORS Enabled: http://localhost:3000
      ╚════════════════════════════════════════════╝
       
2025-12-09 12:07:23 [INFO]: ✅ MongoDB Connected: ac-vpxvy3e-shard-00-00.n1gkmrq.mongodb.net 
2025-12-09 12:07:23 [INFO]: Database: test 
2025-12-09 12:07:23 [INFO]: 
      ╔════════════════════════════════════════════╗
      ║   🚀 Room Rental Backend Server Started   ║
      ╠════════════════════════════════════════════╣
      ║ 📍 Port: 5000
      ║ 🌍 Environment: development
      ║ 🔗 API Version: vv1
      ║ 🔐 CORS Enabled: http://localhost:3000
      ╚════════════════════════════════════════════╝
       
