2025-11-24 11:19:43 [WARN]: ⚠️ MongoDB disconnected 
2025-11-24 11:19:47 [INFO]: SIGINT signal received: closing HTTP server 
2025-11-24 11:30:06 [INFO]: ✅ MongoDB Connected: ac-vpxvy3e-shard-00-02.n1gkmrq.mongodb.net 
2025-11-24 11:30:06 [INFO]: Database: test 
2025-11-24 11:30:06 [INFO]: 
      ╔════════════════════════════════════════════╗
      ║   🚀 Room Rental Backend Server Started   ║
      ╠════════════════════════════════════════════╣
      ║ 📍 Port: 5000
      ║ 🌍 Environment: development
      ║ 🔗 API Version: vv1
      ║ 🔐 CORS Enabled: http://localhost:3000
      ╚════════════════════════════════════════════╝
       
2025-11-24 11:31:06 [INFO]: ✅ MongoDB Connected: ac-vpxvy3e-shard-00-02.n1gkmrq.mongodb.net 
2025-11-24 11:31:06 [INFO]: Database: test 
2025-11-24 11:31:06 [INFO]: 
      ╔════════════════════════════════════════════╗
      ║   🚀 Room Rental Backend Server Started   ║
      ╠════════════════════════════════════════════╣
      ║ 📍 Port: 5000
      ║ 🌍 Environment: development
      ║ 🔗 API Version: vv1
      ║ 🔐 CORS Enabled: http://localhost:3000
      ╚════════════════════════════════════════════╝
       
2025-11-24 11:31:26 [INFO]: ✅ MongoDB Connected: ac-vpxvy3e-shard-00-00.n1gkmrq.mongodb.net 
2025-11-24 11:31:26 [INFO]: Database: test 
2025-11-24 11:31:26 [INFO]: 
      ╔════════════════════════════════════════════╗
      ║   🚀 Room Rental Backend Server Started   ║
      ╠════════════════════════════════════════════╣
      ║ 📍 Port: 5000
      ║ 🌍 Environment: development
      ║ 🔗 API Version: vv1
      ║ 🔐 CORS Enabled: http://localhost:3000
      ╚════════════════════════════════════════════╝
       
2025-11-24 11:33:00 [INFO]: ✅ MongoDB Connected: ac-vpxvy3e-shard-00-01.n1gkmrq.mongodb.net 
2025-11-24 11:33:00 [INFO]: Database: test 
2025-11-24 11:33:00 [INFO]: 
      ╔════════════════════════════════════════════╗
      ║   🚀 Room Rental Backend Server Started   ║
      ╠════════════════════════════════════════════╣
      ║ 📍 Port: 5000
      ║ 🌍 Environment: development
      ║ 🔗 API Version: vv1
      ║ 🔐 CORS Enabled: http://localhost:3000
      ╚════════════════════════════════════════════╝
       
2025-11-24 11:36:33 [INFO]: ✅ MongoDB Connected: ac-vpxvy3e-shard-00-02.n1gkmrq.mongodb.net 
2025-11-24 11:36:33 [INFO]: Database: test 
2025-11-24 11:36:33 [INFO]: 
      ╔════════════════════════════════════════════╗
      ║   🚀 Room Rental Backend Server Started   ║
      ╠════════════════════════════════════════════╣
      ║ 📍 Port: 5000
      ║ 🌍 Environment: development
      ║ 🔗 API Version: vv1
      ║ 🔐 CORS Enabled: http://localhost:3000
      ╚════════════════════════════════════════════╝
       
2025-11-24 11:36:50 [INFO]: ✅ MongoDB Connected: ac-vpxvy3e-shard-00-00.n1gkmrq.mongodb.net 
2025-11-24 11:36:51 [INFO]: Database: test 
2025-11-24 11:36:51 [INFO]: 
      ╔════════════════════════════════════════════╗
      ║   🚀 Room Rental Backend Server Started   ║
      ╠════════════════════════════════════════════╣
      ║ 📍 Port: 5000
      ║ 🌍 Environment: development
      ║ 🔗 API Version: vv1
      ║ 🔐 CORS Enabled: http://localhost:3000
      ╚════════════════════════════════════════════╝
       
2025-11-24 11:45:19 [INFO]: ✅ MongoDB Connected: ac-vpxvy3e-shard-00-02.n1gkmrq.mongodb.net 
2025-11-24 11:45:19 [INFO]: Database: test 
2025-11-24 11:45:19 [INFO]: 
      ╔════════════════════════════════════════════╗
      ║   🚀 Room Rental Backend Server Started   ║
      ╠════════════════════════════════════════════╣
      ║ 📍 Port: 5000
      ║ 🌍 Environment: development
      ║ 🔗 API Version: vv1
      ║ 🔐 CORS Enabled: http://localhost:3000
      ╚════════════════════════════════════════════╝
       
2025-11-24 11:45:50 [INFO]: ✅ MongoDB Connected: ac-vpxvy3e-shard-00-02.n1gkmrq.mongodb.net 
2025-11-24 11:45:50 [INFO]: Database: test 
2025-11-24 11:45:50 [INFO]: 
      ╔════════════════════════════════════════════╗
      ║   🚀 Room Rental Backend Server Started   ║
      ╠════════════════════════════════════════════╣
      ║ 📍 Port: 5000
      ║ 🌍 Environment: development
      ║ 🔗 API Version: vv1
      ║ 🔐 CORS Enabled: http://localhost:3000
      ╚════════════════════════════════════════════╝
       
2025-11-24 11:46:54 [INFO]: ✅ MongoDB Connected: ac-vpxvy3e-shard-00-02.n1gkmrq.mongodb.net 
2025-11-24 11:46:54 [INFO]: Database: test 
2025-11-24 11:46:54 [INFO]: 
      ╔════════════════════════════════════════════╗
      ║   🚀 Room Rental Backend Server Started   ║
      ╠════════════════════════════════════════════╣
      ║ 📍 Port: 5000
      ║ 🌍 Environment: development
      ║ 🔗 API Version: vv1
      ║ 🔐 CORS Enabled: http://localhost:3000
      ╚════════════════════════════════════════════╝
       
2025-11-24 11:48:15 [INFO]: ✅ MongoDB Connected: ac-vpxvy3e-shard-00-01.n1gkmrq.mongodb.net 
2025-11-24 11:48:15 [INFO]: Database: test 
2025-11-24 11:48:15 [INFO]: 
      ╔════════════════════════════════════════════╗
      ║   🚀 Room Rental Backend Server Started   ║
      ╠════════════════════════════════════════════╣
      ║ 📍 Port: 5000
      ║ 🌍 Environment: development
      ║ 🔗 API Version: vv1
      ║ 🔐 CORS Enabled: http://localhost:3000
      ╚════════════════════════════════════════════╝
       
2025-11-24 11:48:32 [INFO]: ✅ MongoDB Connected: ac-vpxvy3e-shard-00-00.n1gkmrq.mongodb.net 
2025-11-24 11:48:32 [INFO]: Database: test 
2025-11-24 11:48:32 [INFO]: 
      ╔════════════════════════════════════════════╗
      ║   🚀 Room Rental Backend Server Started   ║
      ╠════════════════════════════════════════════╣
      ║ 📍 Port: 5000
      ║ 🌍 Environment: development
      ║ 🔗 API Version: vv1
      ║ 🔐 CORS Enabled: http://localhost:3000
      ╚════════════════════════════════════════════╝
       
2025-11-24 11:49:35 [INFO]: ✅ MongoDB Connected: ac-vpxvy3e-shard-00-00.n1gkmrq.mongodb.net 
2025-11-24 11:49:35 [INFO]: Database: test 
2025-11-24 11:49:35 [INFO]: 
      ╔════════════════════════════════════════════╗
      ║   🚀 Room Rental Backend Server Started   ║
      ╠════════════════════════════════════════════╣
      ║ 📍 Port: 5000
      ║ 🌍 Environment: development
      ║ 🔗 API Version: vv1
      ║ 🔐 CORS Enabled: http://localhost:3000
      ╚════════════════════════════════════════════╝
       
