2025-12-11 20:10:08 [ERROR]: uncaughtException: argument handler must be a function
TypeError: argument handler must be a function
    at router.use (C:\Users\Asus\Desktop\room-rental-backend\node_modules\router\index.js:392:13)
    at app.<anonymous> (C:\Users\Asus\Desktop\room-rental-backend\node_modules\express\lib\application.js:222:21)
    at Array.forEach (<anonymous>)
    at app.use (C:\Users\Asus\Desktop\room-rental-backend\node_modules\express\lib\application.js:219:7)
    at file:///C:/Users/Asus/Desktop/room-rental-backend/server.js:88:5
    at ModuleJob.run (node:internal/modules/esm/module_job:377:25)
    at process.processTicksAndRejections (node:internal/process/task_queues:103:5)
    at async onImport.tracePromise.__proto__ (node:internal/modules/esm/loader:691:26)
    at async asyncRunEntryPointWithESMLoader (node:internal/modules/run_main:101:5) 
TypeError: argument handler must be a function
    at router.use (C:\Users\Asus\Desktop\room-rental-backend\node_modules\router\index.js:392:13)
    at app.<anonymous> (C:\Users\Asus\Desktop\room-rental-backend\node_modules\express\lib\application.js:222:21)
    at Array.forEach (<anonymous>)
    at app.use (C:\Users\Asus\Desktop\room-rental-backend\node_modules\express\lib\application.js:219:7)
    at file:///C:/Users/Asus/Desktop/room-rental-backend/server.js:88:5
    at ModuleJob.run (node:internal/modules/esm/module_job:377:25)
    at process.processTicksAndRejections (node:internal/process/task_queues:103:5)
    at async onImport.tracePromise.__proto__ (node:internal/modules/esm/loader:691:26)
    at async asyncRunEntryPointWithESMLoader (node:internal/modules/run_main:101:5)
2025-12-11 20:10:26 [ERROR]: uncaughtException: argument handler must be a function
TypeError: argument handler must be a function
    at router.use (C:\Users\Asus\Desktop\room-rental-backend\node_modules\router\index.js:392:13)
    at app.<anonymous> (C:\Users\Asus\Desktop\room-rental-backend\node_modules\express\lib\application.js:222:21)
    at Array.forEach (<anonymous>)
    at app.use (C:\Users\Asus\Desktop\room-rental-backend\node_modules\express\lib\application.js:219:7)
    at file:///C:/Users/Asus/Desktop/room-rental-backend/server.js:88:5
    at ModuleJob.run (node:internal/modules/esm/module_job:377:25)
    at process.processTicksAndRejections (node:internal/process/task_queues:103:5)
    at async onImport.tracePromise.__proto__ (node:internal/modules/esm/loader:691:26)
    at async asyncRunEntryPointWithESMLoader (node:internal/modules/run_main:101:5) 
TypeError: argument handler must be a function
    at router.use (C:\Users\Asus\Desktop\room-rental-backend\node_modules\router\index.js:392:13)
    at app.<anonymous> (C:\Users\Asus\Desktop\room-rental-backend\node_modules\express\lib\application.js:222:21)
    at Array.forEach (<anonymous>)
    at app.use (C:\Users\Asus\Desktop\room-rental-backend\node_modules\express\lib\application.js:219:7)
    at file:///C:/Users/Asus/Desktop/room-rental-backend/server.js:88:5
    at ModuleJob.run (node:internal/modules/esm/module_job:377:25)
    at process.processTicksAndRejections (node:internal/process/task_queues:103:5)
    at async onImport.tracePromise.__proto__ (node:internal/modules/esm/loader:691:26)
    at async asyncRunEntryPointWithESMLoader (node:internal/modules/run_main:101:5)
2025-12-11 20:11:34 [ERROR]: uncaughtException: argument handler must be a function
TypeError: argument handler must be a function
    at router.use (C:\Users\Asus\Desktop\room-rental-backend\node_modules\router\index.js:392:13)
    at app.<anonymous> (C:\Users\Asus\Desktop\room-rental-backend\node_modules\express\lib\application.js:222:21)
    at Array.forEach (<anonymous>)
    at app.use (C:\Users\Asus\Desktop\room-rental-backend\node_modules\express\lib\application.js:219:7)
    at file:///C:/Users/Asus/Desktop/room-rental-backend/server.js:88:5
    at ModuleJob.run (node:internal/modules/esm/module_job:377:25)
    at process.processTicksAndRejections (node:internal/process/task_queues:103:5)
    at async onImport.tracePromise.__proto__ (node:internal/modules/esm/loader:691:26)
    at async asyncRunEntryPointWithESMLoader (node:internal/modules/run_main:101:5) 
TypeError: argument handler must be a function
    at router.use (C:\Users\Asus\Desktop\room-rental-backend\node_modules\router\index.js:392:13)
    at app.<anonymous> (C:\Users\Asus\Desktop\room-rental-backend\node_modules\express\lib\application.js:222:21)
    at Array.forEach (<anonymous>)
    at app.use (C:\Users\Asus\Desktop\room-rental-backend\node_modules\express\lib\application.js:219:7)
    at file:///C:/Users/Asus/Desktop/room-rental-backend/server.js:88:5
    at ModuleJob.run (node:internal/modules/esm/module_job:377:25)
    at process.processTicksAndRejections (node:internal/process/task_queues:103:5)
    at async onImport.tracePromise.__proto__ (node:internal/modules/esm/loader:691:26)
    at async asyncRunEntryPointWithESMLoader (node:internal/modules/run_main:101:5)
