2025-11-18 11:08:34 [ERROR]: uncaughtException: userSchema is not defined
ReferenceError: userSchema is not defined
    at file:///C:/Users/Asus/Desktop/room-rental-backend/src/models/User.js:116:1
    at ModuleJob.run (node:internal/modules/esm/module_job:377:25)
    at process.processTicksAndRejections (node:internal/process/task_queues:103:5)
    at async onImport.tracePromise.__proto__ (node:internal/modules/esm/loader:691:26)
    at async asyncRunEntryPointWithESMLoader (node:internal/modules/run_main:101:5) 
ReferenceError: userSchema is not defined
    at file:///C:/Users/Asus/Desktop/room-rental-backend/src/models/User.js:116:1
    at ModuleJob.run (node:internal/modules/esm/module_job:377:25)
    at process.processTicksAndRejections (node:internal/process/task_queues:103:5)
    at async onImport.tracePromise.__proto__ (node:internal/modules/esm/loader:691:26)
    at async asyncRunEntryPointWithESMLoader (node:internal/modules/run_main:101:5)
2025-11-18 11:14:53 [ERROR]: uncaughtException: userSchema is not defined
ReferenceError: userSchema is not defined
    at file:///C:/Users/Asus/Desktop/room-rental-backend/src/models/User.js:116:1
    at ModuleJob.run (node:internal/modules/esm/module_job:377:25)
    at process.processTicksAndRejections (node:internal/process/task_queues:103:5)
    at async onImport.tracePromise.__proto__ (node:internal/modules/esm/loader:691:26)
    at async asyncRunEntryPointWithESMLoader (node:internal/modules/run_main:101:5) 
ReferenceError: userSchema is not defined
    at file:///C:/Users/Asus/Desktop/room-rental-backend/src/models/User.js:116:1
    at ModuleJob.run (node:internal/modules/esm/module_job:377:25)
    at process.processTicksAndRejections (node:internal/process/task_queues:103:5)
    at async onImport.tracePromise.__proto__ (node:internal/modules/esm/loader:691:26)
    at async asyncRunEntryPointWithESMLoader (node:internal/modules/run_main:101:5)
2025-11-18 11:15:15 [ERROR]: uncaughtException: userSchema is not defined
ReferenceError: userSchema is not defined
    at file:///C:/Users/Asus/Desktop/room-rental-backend/src/models/User.js:116:1
    at ModuleJob.run (node:internal/modules/esm/module_job:377:25)
    at process.processTicksAndRejections (node:internal/process/task_queues:103:5)
    at async onImport.tracePromise.__proto__ (node:internal/modules/esm/loader:691:26)
    at async asyncRunEntryPointWithESMLoader (node:internal/modules/run_main:101:5) 
ReferenceError: userSchema is not defined
    at file:///C:/Users/Asus/Desktop/room-rental-backend/src/models/User.js:116:1
    at ModuleJob.run (node:internal/modules/esm/module_job:377:25)
    at process.processTicksAndRejections (node:internal/process/task_queues:103:5)
    at async onImport.tracePromise.__proto__ (node:internal/modules/esm/loader:691:26)
    at async asyncRunEntryPointWithESMLoader (node:internal/modules/run_main:101:5)
2025-11-18 11:15:27 [ERROR]: uncaughtException: userSchema is not defined
ReferenceError: userSchema is not defined
    at file:///C:/Users/Asus/Desktop/room-rental-backend/src/models/User.js:116:1
    at ModuleJob.run (node:internal/modules/esm/module_job:377:25)
    at process.processTicksAndRejections (node:internal/process/task_queues:103:5)
    at async onImport.tracePromise.__proto__ (node:internal/modules/esm/loader:691:26)
    at async asyncRunEntryPointWithESMLoader (node:internal/modules/run_main:101:5) 
ReferenceError: userSchema is not defined
    at file:///C:/Users/Asus/Desktop/room-rental-backend/src/models/User.js:116:1
    at ModuleJob.run (node:internal/modules/esm/module_job:377:25)
    at process.processTicksAndRejections (node:internal/process/task_queues:103:5)
    at async onImport.tracePromise.__proto__ (node:internal/modules/esm/loader:691:26)
    at async asyncRunEntryPointWithESMLoader (node:internal/modules/run_main:101:5)
2025-11-18 11:20:05 [ERROR]: uncaughtException: userSchema is not defined
ReferenceError: userSchema is not defined
    at file:///C:/Users/Asus/Desktop/room-rental-backend/src/models/User.js:116:1
    at ModuleJob.run (node:internal/modules/esm/module_job:377:25)
    at async onImport.tracePromise.__proto__ (node:internal/modules/esm/loader:691:26)
    at async asyncRunEntryPointWithESMLoader (node:internal/modules/run_main:101:5) 
ReferenceError: userSchema is not defined
    at file:///C:/Users/Asus/Desktop/room-rental-backend/src/models/User.js:116:1
    at ModuleJob.run (node:internal/modules/esm/module_job:377:25)
    at async onImport.tracePromise.__proto__ (node:internal/modules/esm/loader:691:26)
    at async asyncRunEntryPointWithESMLoader (node:internal/modules/run_main:101:5)
2025-11-18 11:20:37 [ERROR]: uncaughtException: userSchema is not defined
ReferenceError: userSchema is not defined
    at file:///C:/Users/Asus/Desktop/room-rental-backend/src/models/User.js:116:1
    at ModuleJob.run (node:internal/modules/esm/module_job:377:25)
    at async onImport.tracePromise.__proto__ (node:internal/modules/esm/loader:691:26)
    at async asyncRunEntryPointWithESMLoader (node:internal/modules/run_main:101:5) 
ReferenceError: userSchema is not defined
    at file:///C:/Users/Asus/Desktop/room-rental-backend/src/models/User.js:116:1
    at ModuleJob.run (node:internal/modules/esm/module_job:377:25)
    at async onImport.tracePromise.__proto__ (node:internal/modules/esm/loader:691:26)
    at async asyncRunEntryPointWithESMLoader (node:internal/modules/run_main:101:5)
2025-11-18 11:26:18 [ERROR]: uncaughtException: userSchema is not defined
ReferenceError: userSchema is not defined
    at file:///C:/Users/Asus/Desktop/room-rental-backend/src/models/User.js:116:1
    at ModuleJob.run (node:internal/modules/esm/module_job:377:25)
    at process.processTicksAndRejections (node:internal/process/task_queues:103:5)
    at async onImport.tracePromise.__proto__ (node:internal/modules/esm/loader:691:26)
    at async asyncRunEntryPointWithESMLoader (node:internal/modules/run_main:101:5) 
ReferenceError: userSchema is not defined
    at file:///C:/Users/Asus/Desktop/room-rental-backend/src/models/User.js:116:1
    at ModuleJob.run (node:internal/modules/esm/module_job:377:25)
    at process.processTicksAndRejections (node:internal/process/task_queues:103:5)
    at async onImport.tracePromise.__proto__ (node:internal/modules/esm/loader:691:26)
    at async asyncRunEntryPointWithESMLoader (node:internal/modules/run_main:101:5)
2025-11-18 11:26:30 [ERROR]: uncaughtException: userSchema is not defined
ReferenceError: userSchema is not defined
    at file:///C:/Users/Asus/Desktop/room-rental-backend/src/models/User.js:116:1
    at ModuleJob.run (node:internal/modules/esm/module_job:377:25)
    at process.processTicksAndRejections (node:internal/process/task_queues:103:5)
    at async onImport.tracePromise.__proto__ (node:internal/modules/esm/loader:691:26)
    at async asyncRunEntryPointWithESMLoader (node:internal/modules/run_main:101:5) 
ReferenceError: userSchema is not defined
    at file:///C:/Users/Asus/Desktop/room-rental-backend/src/models/User.js:116:1
    at ModuleJob.run (node:internal/modules/esm/module_job:377:25)
    at process.processTicksAndRejections (node:internal/process/task_queues:103:5)
    at async onImport.tracePromise.__proto__ (node:internal/modules/esm/loader:691:26)
    at async asyncRunEntryPointWithESMLoader (node:internal/modules/run_main:101:5)
2025-11-18 11:27:49 [ERROR]: uncaughtException: cookieParser is not defined
ReferenceError: cookieParser is not defined
    at file:///C:/Users/Asus/Desktop/room-rental-backend/server.js:16:5
    at ModuleJob.run (node:internal/modules/esm/module_job:377:25)
    at process.processTicksAndRejections (node:internal/process/task_queues:103:5)
    at async onImport.tracePromise.__proto__ (node:internal/modules/esm/loader:691:26)
    at async asyncRunEntryPointWithESMLoader (node:internal/modules/run_main:101:5) 
ReferenceError: cookieParser is not defined
    at file:///C:/Users/Asus/Desktop/room-rental-backend/server.js:16:5
    at ModuleJob.run (node:internal/modules/esm/module_job:377:25)
    at process.processTicksAndRejections (node:internal/process/task_queues:103:5)
    at async onImport.tracePromise.__proto__ (node:internal/modules/esm/loader:691:26)
    at async asyncRunEntryPointWithESMLoader (node:internal/modules/run_main:101:5)
2025-11-18 11:35:20 [ERROR]: uncaughtException: userSchema is not defined
ReferenceError: userSchema is not defined
    at file:///C:/Users/Asus/Desktop/room-rental-backend/src/models/User.js:116:1
    at ModuleJob.run (node:internal/modules/esm/module_job:377:25)
    at process.processTicksAndRejections (node:internal/process/task_queues:103:5)
    at async onImport.tracePromise.__proto__ (node:internal/modules/esm/loader:691:26)
    at async asyncRunEntryPointWithESMLoader (node:internal/modules/run_main:101:5) 
ReferenceError: userSchema is not defined
    at file:///C:/Users/Asus/Desktop/room-rental-backend/src/models/User.js:116:1
    at ModuleJob.run (node:internal/modules/esm/module_job:377:25)
    at process.processTicksAndRejections (node:internal/process/task_queues:103:5)
    at async onImport.tracePromise.__proto__ (node:internal/modules/esm/loader:691:26)
    at async asyncRunEntryPointWithESMLoader (node:internal/modules/run_main:101:5)
2025-11-18 11:35:40 [ERROR]: uncaughtException: userSchema is not defined
ReferenceError: userSchema is not defined
    at file:///C:/Users/Asus/Desktop/room-rental-backend/src/models/User.js:116:1
    at ModuleJob.run (node:internal/modules/esm/module_job:377:25)
    at process.processTicksAndRejections (node:internal/process/task_queues:103:5)
    at async onImport.tracePromise.__proto__ (node:internal/modules/esm/loader:691:26)
    at async asyncRunEntryPointWithESMLoader (node:internal/modules/run_main:101:5) 
ReferenceError: userSchema is not defined
    at file:///C:/Users/Asus/Desktop/room-rental-backend/src/models/User.js:116:1
    at ModuleJob.run (node:internal/modules/esm/module_job:377:25)
    at process.processTicksAndRejections (node:internal/process/task_queues:103:5)
    at async onImport.tracePromise.__proto__ (node:internal/modules/esm/loader:691:26)
    at async asyncRunEntryPointWithESMLoader (node:internal/modules/run_main:101:5)
2025-11-18 11:37:54 [ERROR]: uncaughtException: Cannot access 'app' before initialization
ReferenceError: Cannot access 'app' before initialization
    at file:///C:/Users/Asus/Desktop/room-rental-backend/server.js:38:1
    at ModuleJob.run (node:internal/modules/esm/module_job:377:25)
    at process.processTicksAndRejections (node:internal/process/task_queues:103:5)
    at async onImport.tracePromise.__proto__ (node:internal/modules/esm/loader:691:26)
    at async asyncRunEntryPointWithESMLoader (node:internal/modules/run_main:101:5) 
ReferenceError: Cannot access 'app' before initialization
    at file:///C:/Users/Asus/Desktop/room-rental-backend/server.js:38:1
    at ModuleJob.run (node:internal/modules/esm/module_job:377:25)
    at process.processTicksAndRejections (node:internal/process/task_queues:103:5)
    at async onImport.tracePromise.__proto__ (node:internal/modules/esm/loader:691:26)
    at async asyncRunEntryPointWithESMLoader (node:internal/modules/run_main:101:5)
2025-11-18 11:38:11 [ERROR]: uncaughtException: Cannot access 'app' before initialization
ReferenceError: Cannot access 'app' before initialization
    at file:///C:/Users/Asus/Desktop/room-rental-backend/server.js:41:1
    at ModuleJob.run (node:internal/modules/esm/module_job:377:25)
    at process.processTicksAndRejections (node:internal/process/task_queues:103:5)
    at async onImport.tracePromise.__proto__ (node:internal/modules/esm/loader:691:26)
    at async asyncRunEntryPointWithESMLoader (node:internal/modules/run_main:101:5) 
ReferenceError: Cannot access 'app' before initialization
    at file:///C:/Users/Asus/Desktop/room-rental-backend/server.js:41:1
    at ModuleJob.run (node:internal/modules/esm/module_job:377:25)
    at process.processTicksAndRejections (node:internal/process/task_queues:103:5)
    at async onImport.tracePromise.__proto__ (node:internal/modules/esm/loader:691:26)
    at async asyncRunEntryPointWithESMLoader (node:internal/modules/run_main:101:5)
2025-11-18 11:38:21 [ERROR]: uncaughtException: Cannot access 'app' before initialization
ReferenceError: Cannot access 'app' before initialization
    at file:///C:/Users/Asus/Desktop/room-rental-backend/server.js:41:1
    at ModuleJob.run (node:internal/modules/esm/module_job:377:25)
    at process.processTicksAndRejections (node:internal/process/task_queues:103:5)
    at async onImport.tracePromise.__proto__ (node:internal/modules/esm/loader:691:26)
    at async asyncRunEntryPointWithESMLoader (node:internal/modules/run_main:101:5) 
ReferenceError: Cannot access 'app' before initialization
    at file:///C:/Users/Asus/Desktop/room-rental-backend/server.js:41:1
    at ModuleJob.run (node:internal/modules/esm/module_job:377:25)
    at process.processTicksAndRejections (node:internal/process/task_queues:103:5)
    at async onImport.tracePromise.__proto__ (node:internal/modules/esm/loader:691:26)
    at async asyncRunEntryPointWithESMLoader (node:internal/modules/run_main:101:5)
2025-11-18 11:38:35 [ERROR]: uncaughtException: Cannot access 'app' before initialization
ReferenceError: Cannot access 'app' before initialization
    at file:///C:/Users/Asus/Desktop/room-rental-backend/server.js:41:1
    at ModuleJob.run (node:internal/modules/esm/module_job:377:25)
    at process.processTicksAndRejections (node:internal/process/task_queues:103:5)
    at async onImport.tracePromise.__proto__ (node:internal/modules/esm/loader:691:26)
    at async asyncRunEntryPointWithESMLoader (node:internal/modules/run_main:101:5) 
ReferenceError: Cannot access 'app' before initialization
    at file:///C:/Users/Asus/Desktop/room-rental-backend/server.js:41:1
    at ModuleJob.run (node:internal/modules/esm/module_job:377:25)
    at process.processTicksAndRejections (node:internal/process/task_queues:103:5)
    at async onImport.tracePromise.__proto__ (node:internal/modules/esm/loader:691:26)
    at async asyncRunEntryPointWithESMLoader (node:internal/modules/run_main:101:5)
2025-11-18 11:39:32 [ERROR]: uncaughtException: Cannot access 'app' before initialization
ReferenceError: Cannot access 'app' before initialization
    at file:///C:/Users/Asus/Desktop/room-rental-backend/server.js:41:1
    at ModuleJob.run (node:internal/modules/esm/module_job:377:25)
    at process.processTicksAndRejections (node:internal/process/task_queues:103:5)
    at async onImport.tracePromise.__proto__ (node:internal/modules/esm/loader:691:26)
    at async asyncRunEntryPointWithESMLoader (node:internal/modules/run_main:101:5) 
ReferenceError: Cannot access 'app' before initialization
    at file:///C:/Users/Asus/Desktop/room-rental-backend/server.js:41:1
    at ModuleJob.run (node:internal/modules/esm/module_job:377:25)
    at process.processTicksAndRejections (node:internal/process/task_queues:103:5)
    at async onImport.tracePromise.__proto__ (node:internal/modules/esm/loader:691:26)
    at async asyncRunEntryPointWithESMLoader (node:internal/modules/run_main:101:5)
2025-11-18 11:41:59 [ERROR]: uncaughtException: authRoutes is not defined
ReferenceError: authRoutes is not defined
    at file:///C:/Users/Asus/Desktop/room-rental-backend/server.js:54:44
    at ModuleJob.run (node:internal/modules/esm/module_job:377:25)
    at process.processTicksAndRejections (node:internal/process/task_queues:103:5)
    at async onImport.tracePromise.__proto__ (node:internal/modules/esm/loader:691:26)
    at async asyncRunEntryPointWithESMLoader (node:internal/modules/run_main:101:5) 
ReferenceError: authRoutes is not defined
    at file:///C:/Users/Asus/Desktop/room-rental-backend/server.js:54:44
    at ModuleJob.run (node:internal/modules/esm/module_job:377:25)
    at process.processTicksAndRejections (node:internal/process/task_queues:103:5)
    at async onImport.tracePromise.__proto__ (node:internal/modules/esm/loader:691:26)
    at async asyncRunEntryPointWithESMLoader (node:internal/modules/run_main:101:5)
2025-11-18 11:42:13 [ERROR]: uncaughtException: userSchema is not defined
ReferenceError: userSchema is not defined
    at file:///C:/Users/Asus/Desktop/room-rental-backend/src/models/User.js:116:1
    at ModuleJob.run (node:internal/modules/esm/module_job:377:25)
    at process.processTicksAndRejections (node:internal/process/task_queues:103:5)
    at async onImport.tracePromise.__proto__ (node:internal/modules/esm/loader:691:26)
    at async asyncRunEntryPointWithESMLoader (node:internal/modules/run_main:101:5) 
ReferenceError: userSchema is not defined
    at file:///C:/Users/Asus/Desktop/room-rental-backend/src/models/User.js:116:1
    at ModuleJob.run (node:internal/modules/esm/module_job:377:25)
    at process.processTicksAndRejections (node:internal/process/task_queues:103:5)
    at async onImport.tracePromise.__proto__ (node:internal/modules/esm/loader:691:26)
    at async asyncRunEntryPointWithESMLoader (node:internal/modules/run_main:101:5)
2025-11-18 11:43:08 [ERROR]: uncaughtException: userSchema is not defined
ReferenceError: userSchema is not defined
    at file:///C:/Users/Asus/Desktop/room-rental-backend/src/models/User.js:116:1
    at ModuleJob.run (node:internal/modules/esm/module_job:377:25)
    at process.processTicksAndRejections (node:internal/process/task_queues:103:5)
    at async onImport.tracePromise.__proto__ (node:internal/modules/esm/loader:691:26)
    at async asyncRunEntryPointWithESMLoader (node:internal/modules/run_main:101:5) 
ReferenceError: userSchema is not defined
    at file:///C:/Users/Asus/Desktop/room-rental-backend/src/models/User.js:116:1
    at ModuleJob.run (node:internal/modules/esm/module_job:377:25)
    at process.processTicksAndRejections (node:internal/process/task_queues:103:5)
    at async onImport.tracePromise.__proto__ (node:internal/modules/esm/loader:691:26)
    at async asyncRunEntryPointWithESMLoader (node:internal/modules/run_main:101:5)
2025-11-18 11:43:25 [ERROR]: uncaughtException: userSchema is not defined
ReferenceError: userSchema is not defined
    at file:///C:/Users/Asus/Desktop/room-rental-backend/src/models/User.js:116:1
    at ModuleJob.run (node:internal/modules/esm/module_job:377:25)
    at process.processTicksAndRejections (node:internal/process/task_queues:103:5)
    at async onImport.tracePromise.__proto__ (node:internal/modules/esm/loader:691:26)
    at async asyncRunEntryPointWithESMLoader (node:internal/modules/run_main:101:5) 
ReferenceError: userSchema is not defined
    at file:///C:/Users/Asus/Desktop/room-rental-backend/src/models/User.js:116:1
    at ModuleJob.run (node:internal/modules/esm/module_job:377:25)
    at process.processTicksAndRejections (node:internal/process/task_queues:103:5)
    at async onImport.tracePromise.__proto__ (node:internal/modules/esm/loader:691:26)
    at async asyncRunEntryPointWithESMLoader (node:internal/modules/run_main:101:5)
2025-11-18 11:44:20 [ERROR]: uncaughtException: userSchema is not defined
ReferenceError: userSchema is not defined
    at file:///C:/Users/Asus/Desktop/room-rental-backend/src/models/User.js:116:1
    at ModuleJob.run (node:internal/modules/esm/module_job:377:25)
    at process.processTicksAndRejections (node:internal/process/task_queues:103:5)
    at async onImport.tracePromise.__proto__ (node:internal/modules/esm/loader:691:26)
    at async asyncRunEntryPointWithESMLoader (node:internal/modules/run_main:101:5) 
ReferenceError: userSchema is not defined
    at file:///C:/Users/Asus/Desktop/room-rental-backend/src/models/User.js:116:1
    at ModuleJob.run (node:internal/modules/esm/module_job:377:25)
    at process.processTicksAndRejections (node:internal/process/task_queues:103:5)
    at async onImport.tracePromise.__proto__ (node:internal/modules/esm/loader:691:26)
    at async asyncRunEntryPointWithESMLoader (node:internal/modules/run_main:101:5)
2025-11-18 11:46:18 [ERROR]: uncaughtException: userSchema is not defined
ReferenceError: userSchema is not defined
    at file:///C:/Users/Asus/Desktop/room-rental-backend/src/models/User.js:116:1
    at ModuleJob.run (node:internal/modules/esm/module_job:377:25)
    at async onImport.tracePromise.__proto__ (node:internal/modules/esm/loader:691:26)
    at async asyncRunEntryPointWithESMLoader (node:internal/modules/run_main:101:5) 
ReferenceError: userSchema is not defined
    at file:///C:/Users/Asus/Desktop/room-rental-backend/src/models/User.js:116:1
    at ModuleJob.run (node:internal/modules/esm/module_job:377:25)
    at async onImport.tracePromise.__proto__ (node:internal/modules/esm/loader:691:26)
    at async asyncRunEntryPointWithESMLoader (node:internal/modules/run_main:101:5)
2025-11-18 11:46:36 [ERROR]: uncaughtException: authRoutes is not defined
ReferenceError: authRoutes is not defined
    at file:///C:/Users/Asus/Desktop/room-rental-backend/server.js:54:22
    at ModuleJob.run (node:internal/modules/esm/module_job:377:25)
    at async onImport.tracePromise.__proto__ (node:internal/modules/esm/loader:691:26)
    at async asyncRunEntryPointWithESMLoader (node:internal/modules/run_main:101:5) 
ReferenceError: authRoutes is not defined
    at file:///C:/Users/Asus/Desktop/room-rental-backend/server.js:54:22
    at ModuleJob.run (node:internal/modules/esm/module_job:377:25)
    at async onImport.tracePromise.__proto__ (node:internal/modules/esm/loader:691:26)
    at async asyncRunEntryPointWithESMLoader (node:internal/modules/run_main:101:5)
2025-11-18 11:47:02 [ERROR]: uncaughtException: userSchema is not defined
ReferenceError: userSchema is not defined
    at file:///C:/Users/Asus/Desktop/room-rental-backend/src/models/User.js:116:1
    at ModuleJob.run (node:internal/modules/esm/module_job:377:25)
    at async onImport.tracePromise.__proto__ (node:internal/modules/esm/loader:691:26)
    at async asyncRunEntryPointWithESMLoader (node:internal/modules/run_main:101:5) 
ReferenceError: userSchema is not defined
    at file:///C:/Users/Asus/Desktop/room-rental-backend/src/models/User.js:116:1
    at ModuleJob.run (node:internal/modules/esm/module_job:377:25)
    at async onImport.tracePromise.__proto__ (node:internal/modules/esm/loader:691:26)
    at async asyncRunEntryPointWithESMLoader (node:internal/modules/run_main:101:5)
2025-11-18 11:48:25 [ERROR]: uncaughtException: userSchema is not defined
ReferenceError: userSchema is not defined
    at file:///C:/Users/Asus/Desktop/room-rental-backend/src/models/User.js:116:1
    at ModuleJob.run (node:internal/modules/esm/module_job:377:25)
    at async onImport.tracePromise.__proto__ (node:internal/modules/esm/loader:691:26)
    at async asyncRunEntryPointWithESMLoader (node:internal/modules/run_main:101:5) 
ReferenceError: userSchema is not defined
    at file:///C:/Users/Asus/Desktop/room-rental-backend/src/models/User.js:116:1
    at ModuleJob.run (node:internal/modules/esm/module_job:377:25)
    at async onImport.tracePromise.__proto__ (node:internal/modules/esm/loader:691:26)
    at async asyncRunEntryPointWithESMLoader (node:internal/modules/run_main:101:5)
2025-11-18 11:51:29 [ERROR]: uncaughtException: userSchema is not defined
ReferenceError: userSchema is not defined
    at file:///C:/Users/Asus/Desktop/room-rental-backend/src/models/User.js:116:1
    at ModuleJob.run (node:internal/modules/esm/module_job:377:25)
    at async onImport.tracePromise.__proto__ (node:internal/modules/esm/loader:691:26)
    at async asyncRunEntryPointWithESMLoader (node:internal/modules/run_main:101:5) 
ReferenceError: userSchema is not defined
    at file:///C:/Users/Asus/Desktop/room-rental-backend/src/models/User.js:116:1
    at ModuleJob.run (node:internal/modules/esm/module_job:377:25)
    at async onImport.tracePromise.__proto__ (node:internal/modules/esm/loader:691:26)
    at async asyncRunEntryPointWithESMLoader (node:internal/modules/run_main:101:5)
2025-11-18 11:52:33 [ERROR]: uncaughtException: userSchema is not defined
ReferenceError: userSchema is not defined
    at file:///C:/Users/Asus/Desktop/room-rental-backend/src/models/User.js:116:1
    at ModuleJob.run (node:internal/modules/esm/module_job:377:25)
    at async onImport.tracePromise.__proto__ (node:internal/modules/esm/loader:691:26)
    at async asyncRunEntryPointWithESMLoader (node:internal/modules/run_main:101:5) 
ReferenceError: userSchema is not defined
    at file:///C:/Users/Asus/Desktop/room-rental-backend/src/models/User.js:116:1
    at ModuleJob.run (node:internal/modules/esm/module_job:377:25)
    at async onImport.tracePromise.__proto__ (node:internal/modules/esm/loader:691:26)
    at async asyncRunEntryPointWithESMLoader (node:internal/modules/run_main:101:5)
2025-11-18 11:53:25 [ERROR]: uncaughtException: userSchema is not defined
ReferenceError: userSchema is not defined
    at file:///C:/Users/Asus/Desktop/room-rental-backend/src/models/User.js:116:1
    at ModuleJob.run (node:internal/modules/esm/module_job:377:25)
    at async onImport.tracePromise.__proto__ (node:internal/modules/esm/loader:691:26)
    at async asyncRunEntryPointWithESMLoader (node:internal/modules/run_main:101:5) 
ReferenceError: userSchema is not defined
    at file:///C:/Users/Asus/Desktop/room-rental-backend/src/models/User.js:116:1
    at ModuleJob.run (node:internal/modules/esm/module_job:377:25)
    at async onImport.tracePromise.__proto__ (node:internal/modules/esm/loader:691:26)
    at async asyncRunEntryPointWithESMLoader (node:internal/modules/run_main:101:5)
2025-11-18 11:53:59 [ERROR]: uncaughtException: userSchema is not defined
ReferenceError: userSchema is not defined
    at file:///C:/Users/Asus/Desktop/room-rental-backend/src/models/User.js:116:1
    at ModuleJob.run (node:internal/modules/esm/module_job:377:25)
    at async onImport.tracePromise.__proto__ (node:internal/modules/esm/loader:691:26)
    at async asyncRunEntryPointWithESMLoader (node:internal/modules/run_main:101:5) 
ReferenceError: userSchema is not defined
    at file:///C:/Users/Asus/Desktop/room-rental-backend/src/models/User.js:116:1
    at ModuleJob.run (node:internal/modules/esm/module_job:377:25)
    at async onImport.tracePromise.__proto__ (node:internal/modules/esm/loader:691:26)
    at async asyncRunEntryPointWithESMLoader (node:internal/modules/run_main:101:5)
2025-11-18 11:54:44 [ERROR]: uncaughtException: userSchema is not defined
ReferenceError: userSchema is not defined
    at file:///C:/Users/Asus/Desktop/room-rental-backend/src/models/User.js:116:1
    at ModuleJob.run (node:internal/modules/esm/module_job:377:25)
    at async onImport.tracePromise.__proto__ (node:internal/modules/esm/loader:691:26)
    at async asyncRunEntryPointWithESMLoader (node:internal/modules/run_main:101:5) 
ReferenceError: userSchema is not defined
    at file:///C:/Users/Asus/Desktop/room-rental-backend/src/models/User.js:116:1
    at ModuleJob.run (node:internal/modules/esm/module_job:377:25)
    at async onImport.tracePromise.__proto__ (node:internal/modules/esm/loader:691:26)
    at async asyncRunEntryPointWithESMLoader (node:internal/modules/run_main:101:5)
2025-11-18 11:55:14 [ERROR]: uncaughtException: userSchema is not defined
ReferenceError: userSchema is not defined
    at file:///C:/Users/Asus/Desktop/room-rental-backend/src/models/User.js:116:1
    at ModuleJob.run (node:internal/modules/esm/module_job:377:25)
    at async onImport.tracePromise.__proto__ (node:internal/modules/esm/loader:691:26)
    at async asyncRunEntryPointWithESMLoader (node:internal/modules/run_main:101:5) 
ReferenceError: userSchema is not defined
    at file:///C:/Users/Asus/Desktop/room-rental-backend/src/models/User.js:116:1
    at ModuleJob.run (node:internal/modules/esm/module_job:377:25)
    at async onImport.tracePromise.__proto__ (node:internal/modules/esm/loader:691:26)
    at async asyncRunEntryPointWithESMLoader (node:internal/modules/run_main:101:5)
2025-11-18 11:55:44 [ERROR]: uncaughtException: userSchema is not defined
ReferenceError: userSchema is not defined
    at file:///C:/Users/Asus/Desktop/room-rental-backend/src/models/User.js:116:1
    at ModuleJob.run (node:internal/modules/esm/module_job:377:25)
    at async onImport.tracePromise.__proto__ (node:internal/modules/esm/loader:691:26)
    at async asyncRunEntryPointWithESMLoader (node:internal/modules/run_main:101:5) 
ReferenceError: userSchema is not defined
    at file:///C:/Users/Asus/Desktop/room-rental-backend/src/models/User.js:116:1
    at ModuleJob.run (node:internal/modules/esm/module_job:377:25)
    at async onImport.tracePromise.__proto__ (node:internal/modules/esm/loader:691:26)
    at async asyncRunEntryPointWithESMLoader (node:internal/modules/run_main:101:5)
2025-11-18 11:56:32 [ERROR]: uncaughtException: userSchema is not defined
ReferenceError: userSchema is not defined
    at file:///C:/Users/Asus/Desktop/room-rental-backend/src/models/User.js:116:1
    at ModuleJob.run (node:internal/modules/esm/module_job:377:25)
    at async onImport.tracePromise.__proto__ (node:internal/modules/esm/loader:691:26)
    at async asyncRunEntryPointWithESMLoader (node:internal/modules/run_main:101:5) 
ReferenceError: userSchema is not defined
    at file:///C:/Users/Asus/Desktop/room-rental-backend/src/models/User.js:116:1
    at ModuleJob.run (node:internal/modules/esm/module_job:377:25)
    at async onImport.tracePromise.__proto__ (node:internal/modules/esm/loader:691:26)
    at async asyncRunEntryPointWithESMLoader (node:internal/modules/run_main:101:5)
2025-11-18 11:59:18 [ERROR]: uncaughtException: userSchema is not defined
ReferenceError: userSchema is not defined
    at file:///C:/Users/Asus/Desktop/room-rental-backend/src/models/User.js:116:1
    at ModuleJob.run (node:internal/modules/esm/module_job:377:25)
    at async onImport.tracePromise.__proto__ (node:internal/modules/esm/loader:691:26)
    at async asyncRunEntryPointWithESMLoader (node:internal/modules/run_main:101:5) 
ReferenceError: userSchema is not defined
    at file:///C:/Users/Asus/Desktop/room-rental-backend/src/models/User.js:116:1
    at ModuleJob.run (node:internal/modules/esm/module_job:377:25)
    at async onImport.tracePromise.__proto__ (node:internal/modules/esm/loader:691:26)
    at async asyncRunEntryPointWithESMLoader (node:internal/modules/run_main:101:5)
2025-11-18 12:00:33 [ERROR]: uncaughtException: userSchema is not defined
ReferenceError: userSchema is not defined
    at file:///C:/Users/Asus/Desktop/room-rental-backend/src/models/User.js:116:1
    at ModuleJob.run (node:internal/modules/esm/module_job:377:25)
    at async onImport.tracePromise.__proto__ (node:internal/modules/esm/loader:691:26)
    at async asyncRunEntryPointWithESMLoader (node:internal/modules/run_main:101:5) 
ReferenceError: userSchema is not defined
    at file:///C:/Users/Asus/Desktop/room-rental-backend/src/models/User.js:116:1
    at ModuleJob.run (node:internal/modules/esm/module_job:377:25)
    at async onImport.tracePromise.__proto__ (node:internal/modules/esm/loader:691:26)
    at async asyncRunEntryPointWithESMLoader (node:internal/modules/run_main:101:5)
2025-11-18 12:01:52 [ERROR]: uncaughtException: userSchema is not defined
ReferenceError: userSchema is not defined
    at file:///C:/Users/Asus/Desktop/room-rental-backend/src/models/User.js:116:1
    at ModuleJob.run (node:internal/modules/esm/module_job:377:25)
    at async onImport.tracePromise.__proto__ (node:internal/modules/esm/loader:691:26)
    at async asyncRunEntryPointWithESMLoader (node:internal/modules/run_main:101:5) 
ReferenceError: userSchema is not defined
    at file:///C:/Users/Asus/Desktop/room-rental-backend/src/models/User.js:116:1
    at ModuleJob.run (node:internal/modules/esm/module_job:377:25)
    at async onImport.tracePromise.__proto__ (node:internal/modules/esm/loader:691:26)
    at async asyncRunEntryPointWithESMLoader (node:internal/modules/run_main:101:5)
2025-11-18 12:03:25 [ERROR]: uncaughtException: userSchema is not defined
ReferenceError: userSchema is not defined
    at file:///C:/Users/Asus/Desktop/room-rental-backend/src/models/User.js:116:1
    at ModuleJob.run (node:internal/modules/esm/module_job:377:25)
    at async onImport.tracePromise.__proto__ (node:internal/modules/esm/loader:691:26)
    at async asyncRunEntryPointWithESMLoader (node:internal/modules/run_main:101:5) 
ReferenceError: userSchema is not defined
    at file:///C:/Users/Asus/Desktop/room-rental-backend/src/models/User.js:116:1
    at ModuleJob.run (node:internal/modules/esm/module_job:377:25)
    at async onImport.tracePromise.__proto__ (node:internal/modules/esm/loader:691:26)
    at async asyncRunEntryPointWithESMLoader (node:internal/modules/run_main:101:5)
2025-11-18 12:08:32 [ERROR]: uncaughtException: userSchema is not defined
ReferenceError: userSchema is not defined
    at file:///C:/Users/Asus/Desktop/room-rental-backend/src/models/User.js:116:1
    at ModuleJob.run (node:internal/modules/esm/module_job:377:25)
    at async onImport.tracePromise.__proto__ (node:internal/modules/esm/loader:691:26)
    at async asyncRunEntryPointWithESMLoader (node:internal/modules/run_main:101:5) 
ReferenceError: userSchema is not defined
    at file:///C:/Users/Asus/Desktop/room-rental-backend/src/models/User.js:116:1
    at ModuleJob.run (node:internal/modules/esm/module_job:377:25)
    at async onImport.tracePromise.__proto__ (node:internal/modules/esm/loader:691:26)
    at async asyncRunEntryPointWithESMLoader (node:internal/modules/run_main:101:5)
2025-11-18 12:23:48 [ERROR]: uncaughtException: userSchema is not defined
ReferenceError: userSchema is not defined
    at file:///C:/Users/Asus/Desktop/room-rental-backend/src/models/User.js:116:1
    at ModuleJob.run (node:internal/modules/esm/module_job:377:25)
    at async onImport.tracePromise.__proto__ (node:internal/modules/esm/loader:691:26)
    at async asyncRunEntryPointWithESMLoader (node:internal/modules/run_main:101:5) 
ReferenceError: userSchema is not defined
    at file:///C:/Users/Asus/Desktop/room-rental-backend/src/models/User.js:116:1
    at ModuleJob.run (node:internal/modules/esm/module_job:377:25)
    at async onImport.tracePromise.__proto__ (node:internal/modules/esm/loader:691:26)
    at async asyncRunEntryPointWithESMLoader (node:internal/modules/run_main:101:5)
2025-11-18 12:24:18 [ERROR]: uncaughtException: userSchema is not defined
ReferenceError: userSchema is not defined
    at file:///C:/Users/Asus/Desktop/room-rental-backend/src/models/User.js:116:1
    at ModuleJob.run (node:internal/modules/esm/module_job:377:25)
    at async onImport.tracePromise.__proto__ (node:internal/modules/esm/loader:691:26)
    at async asyncRunEntryPointWithESMLoader (node:internal/modules/run_main:101:5) 
ReferenceError: userSchema is not defined
    at file:///C:/Users/Asus/Desktop/room-rental-backend/src/models/User.js:116:1
    at ModuleJob.run (node:internal/modules/esm/module_job:377:25)
    at async onImport.tracePromise.__proto__ (node:internal/modules/esm/loader:691:26)
    at async asyncRunEntryPointWithESMLoader (node:internal/modules/run_main:101:5)
2025-11-18 18:15:38 [ERROR]: uncaughtException: validateLogin is not defined
ReferenceError: validateLogin is not defined
    at file:///C:/Users/Asus/Desktop/room-rental-backend/src/routes/authRoutes.js:27:23
    at ModuleJob.run (node:internal/modules/esm/module_job:377:25)
    at process.processTicksAndRejections (node:internal/process/task_queues:103:5)
    at async onImport.tracePromise.__proto__ (node:internal/modules/esm/loader:691:26)
    at async asyncRunEntryPointWithESMLoader (node:internal/modules/run_main:101:5) 
ReferenceError: validateLogin is not defined
    at file:///C:/Users/Asus/Desktop/room-rental-backend/src/routes/authRoutes.js:27:23
    at ModuleJob.run (node:internal/modules/esm/module_job:377:25)
    at process.processTicksAndRejections (node:internal/process/task_queues:103:5)
    at async onImport.tracePromise.__proto__ (node:internal/modules/esm/loader:691:26)
    at async asyncRunEntryPointWithESMLoader (node:internal/modules/run_main:101:5)
2025-11-18 18:16:03 [ERROR]: uncaughtException: validateLogin is not defined
ReferenceError: validateLogin is not defined
    at file:///C:/Users/Asus/Desktop/room-rental-backend/src/routes/authRoutes.js:27:23
    at ModuleJob.run (node:internal/modules/esm/module_job:377:25)
    at process.processTicksAndRejections (node:internal/process/task_queues:103:5)
    at async onImport.tracePromise.__proto__ (node:internal/modules/esm/loader:691:26)
    at async asyncRunEntryPointWithESMLoader (node:internal/modules/run_main:101:5) 
ReferenceError: validateLogin is not defined
    at file:///C:/Users/Asus/Desktop/room-rental-backend/src/routes/authRoutes.js:27:23
    at ModuleJob.run (node:internal/modules/esm/module_job:377:25)
    at process.processTicksAndRejections (node:internal/process/task_queues:103:5)
    at async onImport.tracePromise.__proto__ (node:internal/modules/esm/loader:691:26)
    at async asyncRunEntryPointWithESMLoader (node:internal/modules/run_main:101:5)
2025-11-18 18:16:59 [ERROR]: uncaughtException: validateLogin is not defined
ReferenceError: validateLogin is not defined
    at file:///C:/Users/Asus/Desktop/room-rental-backend/src/routes/authRoutes.js:27:23
    at ModuleJob.run (node:internal/modules/esm/module_job:377:25)
    at process.processTicksAndRejections (node:internal/process/task_queues:103:5)
    at async onImport.tracePromise.__proto__ (node:internal/modules/esm/loader:691:26)
    at async asyncRunEntryPointWithESMLoader (node:internal/modules/run_main:101:5) 
ReferenceError: validateLogin is not defined
    at file:///C:/Users/Asus/Desktop/room-rental-backend/src/routes/authRoutes.js:27:23
    at ModuleJob.run (node:internal/modules/esm/module_job:377:25)
    at process.processTicksAndRejections (node:internal/process/task_queues:103:5)
    at async onImport.tracePromise.__proto__ (node:internal/modules/esm/loader:691:26)
    at async asyncRunEntryPointWithESMLoader (node:internal/modules/run_main:101:5)
2025-11-18 18:17:52 [ERROR]: uncaughtException: validateLogin is not defined
ReferenceError: validateLogin is not defined
    at file:///C:/Users/Asus/Desktop/room-rental-backend/src/routes/authRoutes.js:27:23
    at ModuleJob.run (node:internal/modules/esm/module_job:377:25)
    at process.processTicksAndRejections (node:internal/process/task_queues:103:5)
    at async onImport.tracePromise.__proto__ (node:internal/modules/esm/loader:691:26)
    at async asyncRunEntryPointWithESMLoader (node:internal/modules/run_main:101:5) 
ReferenceError: validateLogin is not defined
    at file:///C:/Users/Asus/Desktop/room-rental-backend/src/routes/authRoutes.js:27:23
    at ModuleJob.run (node:internal/modules/esm/module_job:377:25)
    at process.processTicksAndRejections (node:internal/process/task_queues:103:5)
    at async onImport.tracePromise.__proto__ (node:internal/modules/esm/loader:691:26)
    at async asyncRunEntryPointWithESMLoader (node:internal/modules/run_main:101:5)
2025-11-18 18:18:58 [ERROR]: uncaughtException: validateLogin is not defined
ReferenceError: validateLogin is not defined
    at file:///C:/Users/Asus/Desktop/room-rental-backend/src/routes/authRoutes.js:27:23
    at ModuleJob.run (node:internal/modules/esm/module_job:377:25)
    at process.processTicksAndRejections (node:internal/process/task_queues:103:5)
    at async onImport.tracePromise.__proto__ (node:internal/modules/esm/loader:691:26)
    at async asyncRunEntryPointWithESMLoader (node:internal/modules/run_main:101:5) 
ReferenceError: validateLogin is not defined
    at file:///C:/Users/Asus/Desktop/room-rental-backend/src/routes/authRoutes.js:27:23
    at ModuleJob.run (node:internal/modules/esm/module_job:377:25)
    at process.processTicksAndRejections (node:internal/process/task_queues:103:5)
    at async onImport.tracePromise.__proto__ (node:internal/modules/esm/loader:691:26)
    at async asyncRunEntryPointWithESMLoader (node:internal/modules/run_main:101:5)
2025-11-18 18:21:21 [ERROR]: uncaughtException: validateLogin is not defined
ReferenceError: validateLogin is not defined
    at file:///C:/Users/Asus/Desktop/room-rental-backend/src/routes/authRoutes.js:27:23
    at ModuleJob.run (node:internal/modules/esm/module_job:377:25)
    at process.processTicksAndRejections (node:internal/process/task_queues:103:5)
    at async onImport.tracePromise.__proto__ (node:internal/modules/esm/loader:691:26)
    at async asyncRunEntryPointWithESMLoader (node:internal/modules/run_main:101:5) 
ReferenceError: validateLogin is not defined
    at file:///C:/Users/Asus/Desktop/room-rental-backend/src/routes/authRoutes.js:27:23
    at ModuleJob.run (node:internal/modules/esm/module_job:377:25)
    at process.processTicksAndRejections (node:internal/process/task_queues:103:5)
    at async onImport.tracePromise.__proto__ (node:internal/modules/esm/loader:691:26)
    at async asyncRunEntryPointWithESMLoader (node:internal/modules/run_main:101:5)
2025-11-18 18:22:27 [ERROR]: uncaughtException: validateLogin is not defined
ReferenceError: validateLogin is not defined
    at file:///C:/Users/Asus/Desktop/room-rental-backend/src/routes/authRoutes.js:27:23
    at ModuleJob.run (node:internal/modules/esm/module_job:377:25)
    at async onImport.tracePromise.__proto__ (node:internal/modules/esm/loader:691:26)
    at async asyncRunEntryPointWithESMLoader (node:internal/modules/run_main:101:5) 
ReferenceError: validateLogin is not defined
    at file:///C:/Users/Asus/Desktop/room-rental-backend/src/routes/authRoutes.js:27:23
    at ModuleJob.run (node:internal/modules/esm/module_job:377:25)
    at async onImport.tracePromise.__proto__ (node:internal/modules/esm/loader:691:26)
    at async asyncRunEntryPointWithESMLoader (node:internal/modules/run_main:101:5)
2025-11-18 18:24:42 [ERROR]: uncaughtException: validateLogin is not defined
ReferenceError: validateLogin is not defined
    at file:///C:/Users/Asus/Desktop/room-rental-backend/src/routes/authRoutes.js:27:23
    at ModuleJob.run (node:internal/modules/esm/module_job:377:25)
    at async onImport.tracePromise.__proto__ (node:internal/modules/esm/loader:691:26)
    at async asyncRunEntryPointWithESMLoader (node:internal/modules/run_main:101:5) 
ReferenceError: validateLogin is not defined
    at file:///C:/Users/Asus/Desktop/room-rental-backend/src/routes/authRoutes.js:27:23
    at ModuleJob.run (node:internal/modules/esm/module_job:377:25)
    at async onImport.tracePromise.__proto__ (node:internal/modules/esm/loader:691:26)
    at async asyncRunEntryPointWithESMLoader (node:internal/modules/run_main:101:5)
2025-11-18 18:25:25 [ERROR]: uncaughtException: validateLogin is not defined
ReferenceError: validateLogin is not defined
    at file:///C:/Users/Asus/Desktop/room-rental-backend/src/routes/authRoutes.js:27:23
    at ModuleJob.run (node:internal/modules/esm/module_job:377:25)
    at async onImport.tracePromise.__proto__ (node:internal/modules/esm/loader:691:26)
    at async asyncRunEntryPointWithESMLoader (node:internal/modules/run_main:101:5) 
ReferenceError: validateLogin is not defined
    at file:///C:/Users/Asus/Desktop/room-rental-backend/src/routes/authRoutes.js:27:23
    at ModuleJob.run (node:internal/modules/esm/module_job:377:25)
    at async onImport.tracePromise.__proto__ (node:internal/modules/esm/loader:691:26)
    at async asyncRunEntryPointWithESMLoader (node:internal/modules/run_main:101:5)
2025-11-18 18:29:25 [ERROR]: uncaughtException: validateLogin is not defined
ReferenceError: validateLogin is not defined
    at file:///C:/Users/Asus/Desktop/room-rental-backend/src/routes/authRoutes.js:27:23
    at ModuleJob.run (node:internal/modules/esm/module_job:377:25)
    at async onImport.tracePromise.__proto__ (node:internal/modules/esm/loader:691:26)
    at async asyncRunEntryPointWithESMLoader (node:internal/modules/run_main:101:5) 
ReferenceError: validateLogin is not defined
    at file:///C:/Users/Asus/Desktop/room-rental-backend/src/routes/authRoutes.js:27:23
    at ModuleJob.run (node:internal/modules/esm/module_job:377:25)
    at async onImport.tracePromise.__proto__ (node:internal/modules/esm/loader:691:26)
    at async asyncRunEntryPointWithESMLoader (node:internal/modules/run_main:101:5)
