2025-11-19 11:19:51 [ERROR]: uncaughtException: asyncHandler is not defined
ReferenceError: asyncHandler is not defined
    at file:///C:/Users/Asus/Desktop/room-rental-backend/src/routes/authRoutes.js:32:26
    at ModuleJob.run (node:internal/modules/esm/module_job:377:25)
    at process.processTicksAndRejections (node:internal/process/task_queues:103:5)
    at async onImport.tracePromise.__proto__ (node:internal/modules/esm/loader:691:26)
    at async asyncRunEntryPointWithESMLoader (node:internal/modules/run_main:101:5) 
ReferenceError: asyncHandler is not defined
    at file:///C:/Users/Asus/Desktop/room-rental-backend/src/routes/authRoutes.js:32:26
    at ModuleJob.run (node:internal/modules/esm/module_job:377:25)
    at process.processTicksAndRejections (node:internal/process/task_queues:103:5)
    at async onImport.tracePromise.__proto__ (node:internal/modules/esm/loader:691:26)
    at async asyncRunEntryPointWithESMLoader (node:internal/modules/run_main:101:5)
2025-11-19 11:20:29 [ERROR]: uncaughtException: asyncHandler is not defined
ReferenceError: asyncHandler is not defined
    at file:///C:/Users/Asus/Desktop/room-rental-backend/src/routes/authRoutes.js:31:8
    at ModuleJob.run (node:internal/modules/esm/module_job:377:25)
    at process.processTicksAndRejections (node:internal/process/task_queues:103:5)
    at async onImport.tracePromise.__proto__ (node:internal/modules/esm/loader:691:26)
    at async asyncRunEntryPointWithESMLoader (node:internal/modules/run_main:101:5) 
ReferenceError: asyncHandler is not defined
    at file:///C:/Users/Asus/Desktop/room-rental-backend/src/routes/authRoutes.js:31:8
    at ModuleJob.run (node:internal/modules/esm/module_job:377:25)
    at process.processTicksAndRejections (node:internal/process/task_queues:103:5)
    at async onImport.tracePromise.__proto__ (node:internal/modules/esm/loader:691:26)
    at async asyncRunEntryPointWithESMLoader (node:internal/modules/run_main:101:5)
2025-11-19 11:32:06 [ERROR]: uncaughtException: asyncHandler is not defined
ReferenceError: asyncHandler is not defined
    at file:///C:/Users/Asus/Desktop/room-rental-backend/src/routes/authRoutes.js:32:26
    at ModuleJob.run (node:internal/modules/esm/module_job:377:25)
    at process.processTicksAndRejections (node:internal/process/task_queues:103:5)
    at async onImport.tracePromise.__proto__ (node:internal/modules/esm/loader:691:26)
    at async asyncRunEntryPointWithESMLoader (node:internal/modules/run_main:101:5) 
ReferenceError: asyncHandler is not defined
    at file:///C:/Users/Asus/Desktop/room-rental-backend/src/routes/authRoutes.js:32:26
    at ModuleJob.run (node:internal/modules/esm/module_job:377:25)
    at process.processTicksAndRejections (node:internal/process/task_queues:103:5)
    at async onImport.tracePromise.__proto__ (node:internal/modules/esm/loader:691:26)
    at async asyncRunEntryPointWithESMLoader (node:internal/modules/run_main:101:5)
2025-11-19 11:34:35 [ERROR]: uncaughtException: asyncHandler is not defined
ReferenceError: asyncHandler is not defined
    at file:///C:/Users/Asus/Desktop/room-rental-backend/src/routes/authRoutes.js:32:26
    at ModuleJob.run (node:internal/modules/esm/module_job:377:25)
    at process.processTicksAndRejections (node:internal/process/task_queues:103:5)
    at async onImport.tracePromise.__proto__ (node:internal/modules/esm/loader:691:26)
    at async asyncRunEntryPointWithESMLoader (node:internal/modules/run_main:101:5) 
ReferenceError: asyncHandler is not defined
    at file:///C:/Users/Asus/Desktop/room-rental-backend/src/routes/authRoutes.js:32:26
    at ModuleJob.run (node:internal/modules/esm/module_job:377:25)
    at process.processTicksAndRejections (node:internal/process/task_queues:103:5)
    at async onImport.tracePromise.__proto__ (node:internal/modules/esm/loader:691:26)
    at async asyncRunEntryPointWithESMLoader (node:internal/modules/run_main:101:5)
2025-11-19 11:47:22 [ERROR]: uncaughtException: asyncHandler is not defined
ReferenceError: asyncHandler is not defined
    at file:///C:/Users/Asus/Desktop/room-rental-backend/src/routes/authRoutes.js:32:26
    at ModuleJob.run (node:internal/modules/esm/module_job:377:25)
    at process.processTicksAndRejections (node:internal/process/task_queues:103:5)
    at async onImport.tracePromise.__proto__ (node:internal/modules/esm/loader:691:26)
    at async asyncRunEntryPointWithESMLoader (node:internal/modules/run_main:101:5) 
ReferenceError: asyncHandler is not defined
    at file:///C:/Users/Asus/Desktop/room-rental-backend/src/routes/authRoutes.js:32:26
    at ModuleJob.run (node:internal/modules/esm/module_job:377:25)
    at process.processTicksAndRejections (node:internal/process/task_queues:103:5)
    at async onImport.tracePromise.__proto__ (node:internal/modules/esm/loader:691:26)
    at async asyncRunEntryPointWithESMLoader (node:internal/modules/run_main:101:5)
2025-11-19 11:52:12 [ERROR]: uncaughtException: asyncHandler is not defined
ReferenceError: asyncHandler is not defined
    at file:///C:/Users/Asus/Desktop/room-rental-backend/src/routes/authRoutes.js:32:26
    at ModuleJob.run (node:internal/modules/esm/module_job:377:25)
    at process.processTicksAndRejections (node:internal/process/task_queues:103:5)
    at async onImport.tracePromise.__proto__ (node:internal/modules/esm/loader:691:26)
    at async asyncRunEntryPointWithESMLoader (node:internal/modules/run_main:101:5) 
ReferenceError: asyncHandler is not defined
    at file:///C:/Users/Asus/Desktop/room-rental-backend/src/routes/authRoutes.js:32:26
    at ModuleJob.run (node:internal/modules/esm/module_job:377:25)
    at process.processTicksAndRejections (node:internal/process/task_queues:103:5)
    at async onImport.tracePromise.__proto__ (node:internal/modules/esm/loader:691:26)
    at async asyncRunEntryPointWithESMLoader (node:internal/modules/run_main:101:5)
2025-11-19 11:53:38 [ERROR]: uncaughtException: asyncHandler is not defined
ReferenceError: asyncHandler is not defined
    at file:///C:/Users/Asus/Desktop/room-rental-backend/src/routes/authRoutes.js:32:26
    at ModuleJob.run (node:internal/modules/esm/module_job:377:25)
    at process.processTicksAndRejections (node:internal/process/task_queues:103:5)
    at async onImport.tracePromise.__proto__ (node:internal/modules/esm/loader:691:26)
    at async asyncRunEntryPointWithESMLoader (node:internal/modules/run_main:101:5) 
ReferenceError: asyncHandler is not defined
    at file:///C:/Users/Asus/Desktop/room-rental-backend/src/routes/authRoutes.js:32:26
    at ModuleJob.run (node:internal/modules/esm/module_job:377:25)
    at process.processTicksAndRejections (node:internal/process/task_queues:103:5)
    at async onImport.tracePromise.__proto__ (node:internal/modules/esm/loader:691:26)
    at async asyncRunEntryPointWithESMLoader (node:internal/modules/run_main:101:5)
2025-11-19 11:53:55 [ERROR]: uncaughtException: asyncHandler is not defined
ReferenceError: asyncHandler is not defined
    at file:///C:/Users/Asus/Desktop/room-rental-backend/src/routes/authRoutes.js:32:26
    at ModuleJob.run (node:internal/modules/esm/module_job:377:25)
    at process.processTicksAndRejections (node:internal/process/task_queues:103:5)
    at async onImport.tracePromise.__proto__ (node:internal/modules/esm/loader:691:26)
    at async asyncRunEntryPointWithESMLoader (node:internal/modules/run_main:101:5) 
ReferenceError: asyncHandler is not defined
    at file:///C:/Users/Asus/Desktop/room-rental-backend/src/routes/authRoutes.js:32:26
    at ModuleJob.run (node:internal/modules/esm/module_job:377:25)
    at process.processTicksAndRejections (node:internal/process/task_queues:103:5)
    at async onImport.tracePromise.__proto__ (node:internal/modules/esm/loader:691:26)
    at async asyncRunEntryPointWithESMLoader (node:internal/modules/run_main:101:5)
2025-11-19 11:55:48 [ERROR]: uncaughtException: asyncHandler is not defined
ReferenceError: asyncHandler is not defined
    at file:///C:/Users/Asus/Desktop/room-rental-backend/src/routes/authRoutes.js:32:26
    at ModuleJob.run (node:internal/modules/esm/module_job:377:25)
    at process.processTicksAndRejections (node:internal/process/task_queues:103:5)
    at async onImport.tracePromise.__proto__ (node:internal/modules/esm/loader:691:26)
    at async asyncRunEntryPointWithESMLoader (node:internal/modules/run_main:101:5) 
ReferenceError: asyncHandler is not defined
    at file:///C:/Users/Asus/Desktop/room-rental-backend/src/routes/authRoutes.js:32:26
    at ModuleJob.run (node:internal/modules/esm/module_job:377:25)
    at process.processTicksAndRejections (node:internal/process/task_queues:103:5)
    at async onImport.tracePromise.__proto__ (node:internal/modules/esm/loader:691:26)
    at async asyncRunEntryPointWithESMLoader (node:internal/modules/run_main:101:5)
2025-11-19 11:56:11 [ERROR]: uncaughtException: asyncHandler is not defined
ReferenceError: asyncHandler is not defined
    at file:///C:/Users/Asus/Desktop/room-rental-backend/src/routes/authRoutes.js:32:26
    at ModuleJob.run (node:internal/modules/esm/module_job:377:25)
    at process.processTicksAndRejections (node:internal/process/task_queues:103:5)
    at async onImport.tracePromise.__proto__ (node:internal/modules/esm/loader:691:26)
    at async asyncRunEntryPointWithESMLoader (node:internal/modules/run_main:101:5) 
ReferenceError: asyncHandler is not defined
    at file:///C:/Users/Asus/Desktop/room-rental-backend/src/routes/authRoutes.js:32:26
    at ModuleJob.run (node:internal/modules/esm/module_job:377:25)
    at process.processTicksAndRejections (node:internal/process/task_queues:103:5)
    at async onImport.tracePromise.__proto__ (node:internal/modules/esm/loader:691:26)
    at async asyncRunEntryPointWithESMLoader (node:internal/modules/run_main:101:5)
2025-11-19 11:56:24 [ERROR]: uncaughtException: asyncHandler is not defined
ReferenceError: asyncHandler is not defined
    at file:///C:/Users/Asus/Desktop/room-rental-backend/src/routes/authRoutes.js:32:26
    at ModuleJob.run (node:internal/modules/esm/module_job:377:25)
    at process.processTicksAndRejections (node:internal/process/task_queues:103:5)
    at async onImport.tracePromise.__proto__ (node:internal/modules/esm/loader:691:26)
    at async asyncRunEntryPointWithESMLoader (node:internal/modules/run_main:101:5) 
ReferenceError: asyncHandler is not defined
    at file:///C:/Users/Asus/Desktop/room-rental-backend/src/routes/authRoutes.js:32:26
    at ModuleJob.run (node:internal/modules/esm/module_job:377:25)
    at process.processTicksAndRejections (node:internal/process/task_queues:103:5)
    at async onImport.tracePromise.__proto__ (node:internal/modules/esm/loader:691:26)
    at async asyncRunEntryPointWithESMLoader (node:internal/modules/run_main:101:5)
2025-11-19 11:56:56 [ERROR]: uncaughtException: asyncHandler is not defined
ReferenceError: asyncHandler is not defined
    at file:///C:/Users/Asus/Desktop/room-rental-backend/src/routes/authRoutes.js:32:26
    at ModuleJob.run (node:internal/modules/esm/module_job:377:25)
    at process.processTicksAndRejections (node:internal/process/task_queues:103:5)
    at async onImport.tracePromise.__proto__ (node:internal/modules/esm/loader:691:26)
    at async asyncRunEntryPointWithESMLoader (node:internal/modules/run_main:101:5) 
ReferenceError: asyncHandler is not defined
    at file:///C:/Users/Asus/Desktop/room-rental-backend/src/routes/authRoutes.js:32:26
    at ModuleJob.run (node:internal/modules/esm/module_job:377:25)
    at process.processTicksAndRejections (node:internal/process/task_queues:103:5)
    at async onImport.tracePromise.__proto__ (node:internal/modules/esm/loader:691:26)
    at async asyncRunEntryPointWithESMLoader (node:internal/modules/run_main:101:5)
2025-11-19 11:57:03 [ERROR]: uncaughtException: asyncHandler is not defined
ReferenceError: asyncHandler is not defined
    at file:///C:/Users/Asus/Desktop/room-rental-backend/src/routes/authRoutes.js:32:26
    at ModuleJob.run (node:internal/modules/esm/module_job:377:25)
    at process.processTicksAndRejections (node:internal/process/task_queues:103:5)
    at async onImport.tracePromise.__proto__ (node:internal/modules/esm/loader:691:26)
    at async asyncRunEntryPointWithESMLoader (node:internal/modules/run_main:101:5) 
ReferenceError: asyncHandler is not defined
    at file:///C:/Users/Asus/Desktop/room-rental-backend/src/routes/authRoutes.js:32:26
    at ModuleJob.run (node:internal/modules/esm/module_job:377:25)
    at process.processTicksAndRejections (node:internal/process/task_queues:103:5)
    at async onImport.tracePromise.__proto__ (node:internal/modules/esm/loader:691:26)
    at async asyncRunEntryPointWithESMLoader (node:internal/modules/run_main:101:5)
2025-11-19 11:57:09 [ERROR]: uncaughtException: asyncHandler is not defined
ReferenceError: asyncHandler is not defined
    at file:///C:/Users/Asus/Desktop/room-rental-backend/src/routes/authRoutes.js:32:26
    at ModuleJob.run (node:internal/modules/esm/module_job:377:25)
    at process.processTicksAndRejections (node:internal/process/task_queues:103:5)
    at async onImport.tracePromise.__proto__ (node:internal/modules/esm/loader:691:26)
    at async asyncRunEntryPointWithESMLoader (node:internal/modules/run_main:101:5) 
ReferenceError: asyncHandler is not defined
    at file:///C:/Users/Asus/Desktop/room-rental-backend/src/routes/authRoutes.js:32:26
    at ModuleJob.run (node:internal/modules/esm/module_job:377:25)
    at process.processTicksAndRejections (node:internal/process/task_queues:103:5)
    at async onImport.tracePromise.__proto__ (node:internal/modules/esm/loader:691:26)
    at async asyncRunEntryPointWithESMLoader (node:internal/modules/run_main:101:5)
2025-11-19 11:59:42 [ERROR]: uncaughtException: asyncHandler is not defined
ReferenceError: asyncHandler is not defined
    at file:///C:/Users/Asus/Desktop/room-rental-backend/src/routes/authRoutes.js:32:26
    at ModuleJob.run (node:internal/modules/esm/module_job:377:25)
    at process.processTicksAndRejections (node:internal/process/task_queues:103:5)
    at async onImport.tracePromise.__proto__ (node:internal/modules/esm/loader:691:26)
    at async asyncRunEntryPointWithESMLoader (node:internal/modules/run_main:101:5) 
ReferenceError: asyncHandler is not defined
    at file:///C:/Users/Asus/Desktop/room-rental-backend/src/routes/authRoutes.js:32:26
    at ModuleJob.run (node:internal/modules/esm/module_job:377:25)
    at process.processTicksAndRejections (node:internal/process/task_queues:103:5)
    at async onImport.tracePromise.__proto__ (node:internal/modules/esm/loader:691:26)
    at async asyncRunEntryPointWithESMLoader (node:internal/modules/run_main:101:5)
2025-11-19 12:00:12 [ERROR]: uncaughtException: asyncHandler is not defined
ReferenceError: asyncHandler is not defined
    at file:///C:/Users/Asus/Desktop/room-rental-backend/src/routes/authRoutes.js:32:26
    at ModuleJob.run (node:internal/modules/esm/module_job:377:25)
    at process.processTicksAndRejections (node:internal/process/task_queues:103:5)
    at async onImport.tracePromise.__proto__ (node:internal/modules/esm/loader:691:26)
    at async asyncRunEntryPointWithESMLoader (node:internal/modules/run_main:101:5) 
ReferenceError: asyncHandler is not defined
    at file:///C:/Users/Asus/Desktop/room-rental-backend/src/routes/authRoutes.js:32:26
    at ModuleJob.run (node:internal/modules/esm/module_job:377:25)
    at process.processTicksAndRejections (node:internal/process/task_queues:103:5)
    at async onImport.tracePromise.__proto__ (node:internal/modules/esm/loader:691:26)
    at async asyncRunEntryPointWithESMLoader (node:internal/modules/run_main:101:5)
2025-11-19 12:01:20 [ERROR]: uncaughtException: asyncHandler is not defined
ReferenceError: asyncHandler is not defined
    at file:///C:/Users/Asus/Desktop/room-rental-backend/src/routes/authRoutes.js:32:26
    at ModuleJob.run (node:internal/modules/esm/module_job:377:25)
    at process.processTicksAndRejections (node:internal/process/task_queues:103:5)
    at async onImport.tracePromise.__proto__ (node:internal/modules/esm/loader:691:26)
    at async asyncRunEntryPointWithESMLoader (node:internal/modules/run_main:101:5) 
ReferenceError: asyncHandler is not defined
    at file:///C:/Users/Asus/Desktop/room-rental-backend/src/routes/authRoutes.js:32:26
    at ModuleJob.run (node:internal/modules/esm/module_job:377:25)
    at process.processTicksAndRejections (node:internal/process/task_queues:103:5)
    at async onImport.tracePromise.__proto__ (node:internal/modules/esm/loader:691:26)
    at async asyncRunEntryPointWithESMLoader (node:internal/modules/run_main:101:5)
2025-11-19 12:01:53 [ERROR]: uncaughtException: asyncHandler is not defined
ReferenceError: asyncHandler is not defined
    at file:///C:/Users/Asus/Desktop/room-rental-backend/src/routes/authRoutes.js:33:8
    at ModuleJob.run (node:internal/modules/esm/module_job:377:25)
    at process.processTicksAndRejections (node:internal/process/task_queues:103:5)
    at async onImport.tracePromise.__proto__ (node:internal/modules/esm/loader:691:26)
    at async asyncRunEntryPointWithESMLoader (node:internal/modules/run_main:101:5) 
ReferenceError: asyncHandler is not defined
    at file:///C:/Users/Asus/Desktop/room-rental-backend/src/routes/authRoutes.js:33:8
    at ModuleJob.run (node:internal/modules/esm/module_job:377:25)
    at process.processTicksAndRejections (node:internal/process/task_queues:103:5)
    at async onImport.tracePromise.__proto__ (node:internal/modules/esm/loader:691:26)
    at async asyncRunEntryPointWithESMLoader (node:internal/modules/run_main:101:5)
2025-11-19 12:03:34 [ERROR]: uncaughtException: asyncHandler is not defined
ReferenceError: asyncHandler is not defined
    at file:///C:/Users/Asus/Desktop/room-rental-backend/src/routes/authRoutes.js:33:8
    at ModuleJob.run (node:internal/modules/esm/module_job:377:25)
    at process.processTicksAndRejections (node:internal/process/task_queues:103:5)
    at async onImport.tracePromise.__proto__ (node:internal/modules/esm/loader:691:26)
    at async asyncRunEntryPointWithESMLoader (node:internal/modules/run_main:101:5) 
ReferenceError: asyncHandler is not defined
    at file:///C:/Users/Asus/Desktop/room-rental-backend/src/routes/authRoutes.js:33:8
    at ModuleJob.run (node:internal/modules/esm/module_job:377:25)
    at process.processTicksAndRejections (node:internal/process/task_queues:103:5)
    at async onImport.tracePromise.__proto__ (node:internal/modules/esm/loader:691:26)
    at async asyncRunEntryPointWithESMLoader (node:internal/modules/run_main:101:5)
2025-11-19 15:12:46 [ERROR]: uncaughtException: isAuthenticated is not defined
ReferenceError: isAuthenticated is not defined
    at file:///C:/Users/Asus/Desktop/room-rental-backend/src/routes/authRoutes.js:44:23
    at ModuleJob.run (node:internal/modules/esm/module_job:377:25)
    at process.processTicksAndRejections (node:internal/process/task_queues:103:5)
    at async onImport.tracePromise.__proto__ (node:internal/modules/esm/loader:691:26)
    at async asyncRunEntryPointWithESMLoader (node:internal/modules/run_main:101:5) 
ReferenceError: isAuthenticated is not defined
    at file:///C:/Users/Asus/Desktop/room-rental-backend/src/routes/authRoutes.js:44:23
    at ModuleJob.run (node:internal/modules/esm/module_job:377:25)
    at process.processTicksAndRejections (node:internal/process/task_queues:103:5)
    at async onImport.tracePromise.__proto__ (node:internal/modules/esm/loader:691:26)
    at async asyncRunEntryPointWithESMLoader (node:internal/modules/run_main:101:5)
2025-11-19 15:13:42 [ERROR]: uncaughtException: isAuthenticated is not defined
ReferenceError: isAuthenticated is not defined
    at file:///C:/Users/Asus/Desktop/room-rental-backend/src/routes/authRoutes.js:45:23
    at ModuleJob.run (node:internal/modules/esm/module_job:377:25)
    at process.processTicksAndRejections (node:internal/process/task_queues:103:5)
    at async onImport.tracePromise.__proto__ (node:internal/modules/esm/loader:691:26)
    at async asyncRunEntryPointWithESMLoader (node:internal/modules/run_main:101:5) 
ReferenceError: isAuthenticated is not defined
    at file:///C:/Users/Asus/Desktop/room-rental-backend/src/routes/authRoutes.js:45:23
    at ModuleJob.run (node:internal/modules/esm/module_job:377:25)
    at process.processTicksAndRejections (node:internal/process/task_queues:103:5)
    at async onImport.tracePromise.__proto__ (node:internal/modules/esm/loader:691:26)
    at async asyncRunEntryPointWithESMLoader (node:internal/modules/run_main:101:5)
2025-11-19 15:13:48 [ERROR]: uncaughtException: isAuthenticated is not defined
ReferenceError: isAuthenticated is not defined
    at file:///C:/Users/Asus/Desktop/room-rental-backend/src/routes/authRoutes.js:45:23
    at ModuleJob.run (node:internal/modules/esm/module_job:377:25)
    at process.processTicksAndRejections (node:internal/process/task_queues:103:5)
    at async onImport.tracePromise.__proto__ (node:internal/modules/esm/loader:691:26)
    at async asyncRunEntryPointWithESMLoader (node:internal/modules/run_main:101:5) 
ReferenceError: isAuthenticated is not defined
    at file:///C:/Users/Asus/Desktop/room-rental-backend/src/routes/authRoutes.js:45:23
    at ModuleJob.run (node:internal/modules/esm/module_job:377:25)
    at process.processTicksAndRejections (node:internal/process/task_queues:103:5)
    at async onImport.tracePromise.__proto__ (node:internal/modules/esm/loader:691:26)
    at async asyncRunEntryPointWithESMLoader (node:internal/modules/run_main:101:5)
